Exception in thread Thread-1 (update):
Traceback (most recent call last):
  File "C:\Users\Admin\AppData\Local\Programs\Python\Python313\Lib\threading.py", line 1044, in _bootstrap_inner
    self.run()
    ~~~~~~~~^^
  File "C:\Users\Admin\AppData\Local\Programs\Python\Python313\Lib\threading.py", line 995, in run
    self._target(*self._args, **self._kwargs)
    ~~~~~~~~~~~~^^^^^^^^^^^^^^^^^^^^^^^^^^^^^
  File "D:\My Projects\Excel-Tools\old_version\main.py", line 270, in update
    state = CheckUpdate.update(VERSION) # 返回值：0表示获取更新失败（没开VPN）、1表示新版本下载完了、版本号、False表示获取更新失败
  File "D:\My Projects\Excel-Tools\old_version\CheckUpdate.py", line 67, in update
    exe_asset = exe_assets[0]
                ~~~~~~~~~~^^^
IndexError: list index out of range
----------Above 2026-02-01 12:13:53----------

Exception in thread Thread-1 (update):
Traceback (most recent call last):
  File "C:\Users\Admin\AppData\Local\Programs\Python\Python313\Lib\threading.py", line 1044, in _bootstrap_inner
    self.run()
    ~~~~~~~~^^
  File "C:\Users\Admin\AppData\Local\Programs\Python\Python313\Lib\threading.py", line 995, in run
    self._target(*self._args, **self._kwargs)
    ~~~~~~~~~~~~^^^^^^^^^^^^^^^^^^^^^^^^^^^^^
  File "D:\My Projects\Excel-Tools\old_version\main.py", line 270, in update
    state = CheckUpdate.update(VERSION) # 返回值：0表示获取更新失败（没开VPN）、1表示新版本下载完了、版本号、False表示获取更新失败
  File "D:\My Projects\Excel-Tools\old_version\CheckUpdate.py", line 67, in update
    exe_asset = exe_assets[0]
                ~~~~~~~~~~^^^
IndexError: list index out of range
----------Above 2026-02-01 12:14:56----------

Exception in thread Thread-1 (update):
Traceback (most recent call last):
  File "C:\Users\Admin\AppData\Local\Programs\Python\Python313\Lib\threading.py", line 1044, in _bootstrap_inner
    self.run()
    ~~~~~~~~^^
  File "C:\Users\Admin\AppData\Local\Programs\Python\Python313\Lib\threading.py", line 995, in run
    self._target(*self._args, **self._kwargs)
    ~~~~~~~~~~~~^^^^^^^^^^^^^^^^^^^^^^^^^^^^^
  File "D:\My Projects\Excel-Tools\old_version\main.py", line 270, in update
    state = CheckUpdate.update(VERSION) # 返回值：0表示获取更新失败（没开VPN）、1表示新版本下载完了、版本号、False表示获取更新失败
  File "D:\My Projects\Excel-Tools\old_version\CheckUpdate.py", line 67, in update
    exe_asset = exe_assets[0]
                ~~~~~~~~~~^^^
IndexError: list index out of range
Exception in thread Thread-1 (update):
Traceback (most recent call last):
  File "C:\Users\Admin\AppData\Local\Programs\Python\Python313\Lib\threading.py", line 1044, in _bootstrap_inner
    self.run()
    ~~~~~~~~^^
  File "C:\Users\Admin\AppData\Local\Programs\Python\Python313\Lib\threading.py", line 995, in run
    self._target(*self._args, **self._kwargs)
    ~~~~~~~~~~~~^^^^^^^^^^^^^^^^^^^^^^^^^^^^^
  File "D:\My Projects\Excel-Tools\old_version\main.py", line 270, in update
    state = CheckUpdate.update(VERSION) # 返回值：0表示获取更新失败（没开VPN）、1表示新版本下载完了、版本号、False表示获取更新失败
  File "D:\My Projects\Excel-Tools\old_version\CheckUpdate.py", line 67, in update
    exe_asset = exe_assets[0]
                ~~~~~~~~~~^^^
IndexError: list index out of range
