2026-01-31 23:44:05 - INFO - ============================================================
2026-01-31 23:44:05 - INFO - 应用程序启动 - 时间: 2026-01-31 23:44:05
2026-01-31 23:44:24 - INFO - 应用程序关闭 - 时间: 2026-01-31 23:44:24
2026-01-31 23:44:24 - INFO - ============================================================
2026-02-01 12:08:46 - INFO - ============================================================
2026-02-01 12:08:46 - INFO - 应用程序启动 - 时间: 2026-02-01 12:08:46
2026-02-01 12:13:53 - INFO - 应用程序关闭 - 时间: 2026-02-01 12:13:53
2026-02-01 12:13:53 - INFO - ============================================================
2026-02-01 12:14:52 - INFO - ============================================================
2026-02-01 12:14:52 - INFO - 应用程序启动 - 时间: 2026-02-01 12:14:52
2026-02-01 12:14:56 - INFO - 应用程序关闭 - 时间: 2026-02-01 12:14:56
2026-02-01 12:14:56 - INFO - ============================================================
2026-02-01 12:25:41 - INFO - ============================================================
2026-02-01 12:25:41 - INFO - 应用程序启动 - 时间: 2026-02-01 12:25:41
2026-02-01 13:10:40 - INFO - ============================================================
2026-02-01 13:10:40 - INFO - 应用程序启动 - 时间: 2026-02-01 13:10:40
2026-02-01 13:11:00 - INFO - 调用开始: __main__.extract | 参数: () | 关键字参数: {}
2026-02-01 13:11:00 - INFO - 调用成功: __main__.extract | 返回: True
2026-02-01 13:11:00 - INFO - 调用开始: __main__.extract | 参数: () | 关键字参数: {}
2026-02-01 13:11:00 - INFO - 调用成功: __main__.extract | 返回: True
2026-02-01 13:11:01 - INFO - 调用开始: __main__.extract | 参数: () | 关键字参数: {}
2026-02-01 13:11:02 - INFO - 调用成功: __main__.extract | 返回: True
2026-02-01 13:11:02 - INFO - 调用开始: __main__.extract | 参数: () | 关键字参数: {}
2026-02-01 13:11:03 - INFO - 调用成功: __main__.extract | 返回: True
2026-02-01 13:11:03 - INFO - 调用开始: __main__.extract | 参数: () | 关键字参数: {}
2026-02-01 13:11:03 - INFO - 调用成功: __main__.extract | 返回: True
2026-02-01 13:11:20 - INFO - 调用开始: __main__.search | 参数: () | 关键字参数: {}
2026-02-01 13:11:29 - INFO - 调用成功: __main__.search | 返回: False
2026-02-01 13:11:30 - INFO - 调用开始: __main__.extract | 参数: () | 关键字参数: {}
2026-02-01 13:11:30 - INFO - 调用成功: __main__.extract | 返回: True
2026-02-01 13:11:32 - INFO - 调用开始: __main__.search | 参数: () | 关键字参数: {}
2026-02-01 13:11:43 - INFO - 调用成功: __main__.search | 返回: False
2026-02-01 13:11:44 - INFO - 调用开始: __main__.search | 参数: () | 关键字参数: {}
2026-02-01 13:11:55 - INFO - 调用成功: __main__.search | 返回: False
2026-02-01 13:12:00 - INFO - 调用开始: __main__.extract | 参数: () | 关键字参数: {}
2026-02-01 13:12:02 - INFO - 调用成功: __main__.extract | 返回: True
2026-02-01 13:12:04 - INFO - 调用开始: __main__.search | 参数: () | 关键字参数: {}
