C:\Users\Admin\AppData\Local\Programs\Python\Python313\Lib\site-packages\urllib3\connectionpool.py:1097: InsecureRequestWarning: Unverified HTTPS request is being made to host 'api.github.com'. Adding certificate verification is strongly advised. See: https://urllib3.readthedocs.io/en/latest/advanced-usage.html#tls-warnings
  warnings.warn(
C:\Users\Admin\AppData\Local\Programs\Python\Python313\Lib\site-packages\urllib3\connectionpool.py:1097: InsecureRequestWarning: Unverified HTTPS request is being made to host 'api.github.com'. Adding certificate verification is strongly advised. See: https://urllib3.readthedocs.io/en/latest/advanced-usage.html#tls-warnings
  warnings.warn(
Exception in Tkinter callback
Traceback (most recent call last):
  File "C:\Users\Admin\AppData\Local\Programs\Python\Python313\Lib\tkinter\__init__.py", line 2068, in __call__
    return self.func(*args)
           ~~~~~~~~~^^^^^^^
  File "D:\My Projects\Excel-Tools\Logger.py", line 72, in wrapper
    result = func(*args, **kwargs)
  File "D:\My Projects\Excel-Tools\main.py", line 327, in move_key
    MoveKey.main(var1.get(), var5.get(), var6.get(), var7.get())
    ~~~~~~~~~~~~^^^^^^^^^^^^^^^^^^^^^^^^^^^^^^^^^^^^^^^^^^^^^^^^
  File "D:\My Projects\Excel-Tools\MoveKey.py", line 11, in main
    now = start[0]
          ~~~~~^^^
IndexError: string index out of range
Exception in Tkinter callback
Traceback (most recent call last):
  File "C:\Users\Admin\AppData\Local\Programs\Python\Python313\Lib\tkinter\__init__.py", line 2068, in __call__
    return self.func(*args)
           ~~~~~~~~~^^^^^^^
  File "D:\My Projects\Excel-Tools\Logger.py", line 72, in wrapper
    result = func(*args, **kwargs)
  File "D:\My Projects\Excel-Tools\main.py", line 327, in move_key
    MoveKey.main(var1.get(), var5.get(), var6.get(), var7.get())
    ~~~~~~~~~~~~^^^^^^^^^^^^^^^^^^^^^^^^^^^^^^^^^^^^^^^^^^^^^^^^
  File "D:\My Projects\Excel-Tools\MoveKey.py", line 11, in main
    now = start[0]
          ~~~~~^^^
IndexError: string index out of range
Exception in Tkinter callback
Traceback (most recent call last):
  File "C:\Users\Admin\AppData\Local\Programs\Python\Python313\Lib\tkinter\__init__.py", line 2068, in __call__
    return self.func(*args)
           ~~~~~~~~~^^^^^^^
  File "D:\My Projects\Excel-Tools\Logger.py", line 72, in wrapper
    result = func(*args, **kwargs)
  File "D:\My Projects\Excel-Tools\main.py", line 327, in move_key
    MoveKey.main(var1.get(), var5.get(), var6.get(), var7.get())
    ~~~~~~~~~~~~^^^^^^^^^^^^^^^^^^^^^^^^^^^^^^^^^^^^^^^^^^^^^^^^
  File "D:\My Projects\Excel-Tools\MoveKey.py", line 11, in main
    now = start[0]
          ~~~~~^^^
IndexError: string index out of range
Exception in Tkinter callback
Traceback (most recent call last):
  File "C:\Users\Admin\AppData\Local\Programs\Python\Python313\Lib\tkinter\__init__.py", line 2068, in __call__
    return self.func(*args)
           ~~~~~~~~~^^^^^^^
  File "D:\My Projects\Excel-Tools\Logger.py", line 72, in wrapper
    result = func(*args, **kwargs)
  File "D:\My Projects\Excel-Tools\main.py", line 327, in move_key
    MoveKey.main(var1.get(), var5.get(), var6.get(), var7.get())
    ~~~~~~~~~~~~^^^^^^^^^^^^^^^^^^^^^^^^^^^^^^^^^^^^^^^^^^^^^^^^
  File "D:\My Projects\Excel-Tools\MoveKey.py", line 11, in main
    now = start[0]
          ~~~~~^^^
IndexError: string index out of range
Exception in Tkinter callback
Traceback (most recent call last):
  File "C:\Users\Admin\AppData\Local\Programs\Python\Python313\Lib\tkinter\__init__.py", line 2068, in __call__
    return self.func(*args)
           ~~~~~~~~~^^^^^^^
  File "D:\My Projects\Excel-Tools\Logger.py", line 72, in wrapper
    result = func(*args, **kwargs)
  File "D:\My Projects\Excel-Tools\main.py", line 327, in move_key
    MoveKey.main(var1.get(), var5.get(), var6.get(), var7.get())
    ~~~~~~~~~~~~^^^^^^^^^^^^^^^^^^^^^^^^^^^^^^^^^^^^^^^^^^^^^^^^
  File "D:\My Projects\Excel-Tools\MoveKey.py", line 11, in main
    now = start[0]
          ~~~~~^^^
IndexError: string index out of range
Exception in Tkinter callback
Traceback (most recent call last):
  File "C:\Users\Admin\AppData\Local\Programs\Python\Python313\Lib\tkinter\__init__.py", line 2068, in __call__
    return self.func(*args)
           ~~~~~~~~~^^^^^^^
  File "D:\My Projects\Excel-Tools\Logger.py", line 72, in wrapper
    result = func(*args, **kwargs)
  File "D:\My Projects\Excel-Tools\main.py", line 327, in move_key
    MoveKey.main(var1.get(), var5.get(), var6.get(), var7.get())
    ~~~~~~~~~~~~^^^^^^^^^^^^^^^^^^^^^^^^^^^^^^^^^^^^^^^^^^^^^^^^
  File "D:\My Projects\Excel-Tools\MoveKey.py", line 11, in main
    now = start[0]
          ~~~~~^^^
IndexError: string index out of range
Exception in Tkinter callback
Traceback (most recent call last):
  File "C:\Users\Admin\AppData\Local\Programs\Python\Python313\Lib\tkinter\__init__.py", line 2068, in __call__
    return self.func(*args)
           ~~~~~~~~~^^^^^^^
  File "D:\My Projects\Excel-Tools\Logger.py", line 72, in wrapper
    result = func(*args, **kwargs)
  File "D:\My Projects\Excel-Tools\main.py", line 327, in move_key
    MoveKey.main(var1.get(), var5.get(), var6.get(), var7.get())
    ~~~~~~~~~~~~^^^^^^^^^^^^^^^^^^^^^^^^^^^^^^^^^^^^^^^^^^^^^^^^
  File "D:\My Projects\Excel-Tools\MoveKey.py", line 11, in main
    now = start[0]
          ~~~~~^^^
IndexError: string index out of range
Exception in Tkinter callback
Traceback (most recent call last):
  File "C:\Users\Admin\AppData\Local\Programs\Python\Python313\Lib\tkinter\__init__.py", line 2068, in __call__
    return self.func(*args)
           ~~~~~~~~~^^^^^^^
  File "D:\My Projects\Excel-Tools\Logger.py", line 72, in wrapper
    result = func(*args, **kwargs)
  File "D:\My Projects\Excel-Tools\main.py", line 327, in move_key
    MoveKey.main(var1.get(), var5.get(), var6.get(), var7.get())
    ~~~~~~~~~~~~^^^^^^^^^^^^^^^^^^^^^^^^^^^^^^^^^^^^^^^^^^^^^^^^
  File "D:\My Projects\Excel-Tools\MoveKey.py", line 11, in main
    now = start[0]
          ~~~~~^^^
IndexError: string index out of range
Exception in Tkinter callback
Traceback (most recent call last):
  File "C:\Users\Admin\AppData\Local\Programs\Python\Python313\Lib\tkinter\__init__.py", line 2068, in __call__
    return self.func(*args)
           ~~~~~~~~~^^^^^^^
  File "D:\My Projects\Excel-Tools\Logger.py", line 72, in wrapper
    result = func(*args, **kwargs)
  File "D:\My Projects\Excel-Tools\main.py", line 327, in move_key
    MoveKey.main(var1.get(), var5.get(), var6.get(), var7.get())
    ~~~~~~~~~~~~^^^^^^^^^^^^^^^^^^^^^^^^^^^^^^^^^^^^^^^^^^^^^^^^
  File "D:\My Projects\Excel-Tools\MoveKey.py", line 11, in main
    now = start[0]
          ~~~~~^^^
IndexError: string index out of range
Exception in Tkinter callback
Traceback (most recent call last):
  File "C:\Users\Admin\AppData\Local\Programs\Python\Python313\Lib\tkinter\__init__.py", line 2068, in __call__
    return self.func(*args)
           ~~~~~~~~~^^^^^^^
  File "D:\My Projects\Excel-Tools\Logger.py", line 72, in wrapper
    result = func(*args, **kwargs)
  File "D:\My Projects\Excel-Tools\main.py", line 327, in move_key
    MoveKey.main(var1.get(), var5.get(), var6.get(), var7.get())
    ~~~~~~~~~~~~^^^^^^^^^^^^^^^^^^^^^^^^^^^^^^^^^^^^^^^^^^^^^^^^
  File "D:\My Projects\Excel-Tools\MoveKey.py", line 11, in main
    now = start[0]
          ~~~~~^^^
IndexError: string index out of range
Exception in Tkinter callback
Traceback (most recent call last):
  File "C:\Users\Admin\AppData\Local\Programs\Python\Python313\Lib\tkinter\__init__.py", line 2068, in __call__
    return self.func(*args)
           ~~~~~~~~~^^^^^^^
  File "D:\My Projects\Excel-Tools\Logger.py", line 72, in wrapper
    result = func(*args, **kwargs)
  File "D:\My Projects\Excel-Tools\main.py", line 327, in move_key
    MoveKey.main(var1.get(), var5.get(), var6.get(), var7.get())
    ~~~~~~~~~~~~^^^^^^^^^^^^^^^^^^^^^^^^^^^^^^^^^^^^^^^^^^^^^^^^
  File "D:\My Projects\Excel-Tools\MoveKey.py", line 11, in main
    now = start[0]
          ~~~~~^^^
IndexError: string index out of range
Exception in Tkinter callback
Traceback (most recent call last):
  File "C:\Users\Admin\AppData\Local\Programs\Python\Python313\Lib\tkinter\__init__.py", line 2068, in __call__
    return self.func(*args)
           ~~~~~~~~~^^^^^^^
  File "D:\My Projects\Excel-Tools\Logger.py", line 72, in wrapper
    result = func(*args, **kwargs)
  File "D:\My Projects\Excel-Tools\main.py", line 327, in move_key
    MoveKey.main(var1.get(), var5.get(), var6.get(), var7.get())
    ~~~~~~~~~~~~^^^^^^^^^^^^^^^^^^^^^^^^^^^^^^^^^^^^^^^^^^^^^^^^
  File "D:\My Projects\Excel-Tools\MoveKey.py", line 11, in main
    now = start[0]
          ~~~~~^^^
IndexError: string index out of range
Exception in Tkinter callback
Traceback (most recent call last):
  File "C:\Users\Admin\AppData\Local\Programs\Python\Python313\Lib\tkinter\__init__.py", line 2068, in __call__
    return self.func(*args)
           ~~~~~~~~~^^^^^^^
  File "D:\My Projects\Excel-Tools\Logger.py", line 72, in wrapper
    result = func(*args, **kwargs)
  File "D:\My Projects\Excel-Tools\main.py", line 327, in move_key
    MoveKey.main(var1.get(), var5.get(), var6.get(), var7.get())
    ~~~~~~~~~~~~^^^^^^^^^^^^^^^^^^^^^^^^^^^^^^^^^^^^^^^^^^^^^^^^
  File "D:\My Projects\Excel-Tools\MoveKey.py", line 11, in main
    now = start[0]
          ~~~~~^^^
IndexError: string index out of range
Exception in Tkinter callback
Traceback (most recent call last):
  File "C:\Users\Admin\AppData\Local\Programs\Python\Python313\Lib\tkinter\__init__.py", line 2068, in __call__
    return self.func(*args)
           ~~~~~~~~~^^^^^^^
  File "D:\My Projects\Excel-Tools\Logger.py", line 72, in wrapper
    result = func(*args, **kwargs)
  File "D:\My Projects\Excel-Tools\main.py", line 327, in move_key
    MoveKey.main(var1.get(), var5.get(), var6.get(), var7.get())
    ~~~~~~~~~~~~^^^^^^^^^^^^^^^^^^^^^^^^^^^^^^^^^^^^^^^^^^^^^^^^
  File "D:\My Projects\Excel-Tools\MoveKey.py", line 11, in main
    now = start[0]
          ~~~~~^^^
IndexError: string index out of range
Exception in Tkinter callback
Traceback (most recent call last):
  File "C:\Users\Admin\AppData\Local\Programs\Python\Python313\Lib\tkinter\__init__.py", line 2068, in __call__
    return self.func(*args)
           ~~~~~~~~~^^^^^^^
  File "D:\My Projects\Excel-Tools\Logger.py", line 72, in wrapper
    result = func(*args, **kwargs)
  File "D:\My Projects\Excel-Tools\main.py", line 327, in move_key
    MoveKey.main(var1.get(), var5.get(), var6.get(), var7.get())
    ~~~~~~~~~~~~^^^^^^^^^^^^^^^^^^^^^^^^^^^^^^^^^^^^^^^^^^^^^^^^
  File "D:\My Projects\Excel-Tools\MoveKey.py", line 11, in main
    now = start[0]
          ~~~~~^^^
IndexError: string index out of range
Exception in Tkinter callback
Traceback (most recent call last):
  File "C:\Users\Admin\AppData\Local\Programs\Python\Python313\Lib\tkinter\__init__.py", line 2068, in __call__
    return self.func(*args)
           ~~~~~~~~~^^^^^^^
  File "D:\My Projects\Excel-Tools\Logger.py", line 72, in wrapper
    result = func(*args, **kwargs)
  File "D:\My Projects\Excel-Tools\main.py", line 327, in move_key
    MoveKey.main(var1.get(), var5.get(), var6.get(), var7.get())
    ~~~~~~~~~~~~^^^^^^^^^^^^^^^^^^^^^^^^^^^^^^^^^^^^^^^^^^^^^^^^
  File "D:\My Projects\Excel-Tools\MoveKey.py", line 11, in main
    now = start[0]
          ~~~~~^^^
IndexError: string index out of range
Exception in Tkinter callback
Traceback (most recent call last):
  File "C:\Users\Admin\AppData\Local\Programs\Python\Python313\Lib\tkinter\__init__.py", line 2068, in __call__
    return self.func(*args)
           ~~~~~~~~~^^^^^^^
  File "D:\My Projects\Excel-Tools\Logger.py", line 72, in wrapper
    result = func(*args, **kwargs)
  File "D:\My Projects\Excel-Tools\main.py", line 327, in move_key
    MoveKey.main(var1.get(), var5.get(), var6.get(), var7.get())
    ~~~~~~~~~~~~^^^^^^^^^^^^^^^^^^^^^^^^^^^^^^^^^^^^^^^^^^^^^^^^
  File "D:\My Projects\Excel-Tools\MoveKey.py", line 11, in main
    now = start[0]
          ~~~~~^^^
IndexError: string index out of range
Traceback (most recent call last):
  File "D:\My Projects\Excel-Tools\main.py", line 658, in <module>
    main()
    ~~~~^^
  File "D:\My Projects\Excel-Tools\main.py", line 472, in main
    var1 = tk.StringVar() # 文件
           ^^^^^^^^^^^^
AttributeError: module 'tkinter.ttk' has no attribute 'StringVar'
Traceback (most recent call last):
  File "D:\My Projects\Excel-Tools\main.py", line 658, in <module>
    main()
    ~~~~^^
  File "D:\My Projects\Excel-Tools\main.py", line 472, in main
    var1 = tk.StringVar() # 文件
           ^^^^^^^^^^^^
AttributeError: module 'tkinter.ttk' has no attribute 'StringVar'

During handling of the above exception, another exception occurred:

Traceback (most recent call last):
  File "D:\My Projects\Excel-Tools\main.py", line 663, in <module>
    input()
    ~~~~~^^
  File "<frozen codecs>", line 322, in decode
KeyboardInterrupt
Traceback (most recent call last):
  File "D:\My Projects\Excel-Tools\main.py", line 658, in <module>
    main()
    ~~~~^^
  File "D:\My Projects\Excel-Tools\main.py", line 472, in main
    var1 = tk.StringVar() # 文件
           ^^
NameError: name 'tk' is not defined. Did you mean: 'Tk'?
Traceback (most recent call last):
  File "D:\My Projects\Excel-Tools\main.py", line 658, in <module>
    main()
    ~~~~^^
  File "D:\My Projects\Excel-Tools\main.py", line 472, in main
    var1 = tk.StringVar() # 文件
           ^^
NameError: name 'tk' is not defined. Did you mean: 'Tk'?

During handling of the above exception, another exception occurred:

Traceback (most recent call last):
  File "D:\My Projects\Excel-Tools\main.py", line 663, in <module>
    input()
    ~~~~~^^
  File "<frozen codecs>", line 322, in decode
KeyboardInterrupt
Traceback (most recent call last):
  File "D:\My Projects\Excel-Tools\main.py", line 658, in <module>
    main()
    ~~~~^^
  File "D:\My Projects\Excel-Tools\main.py", line 500, in main
    f1 = tk.Frame(root)
         ^^
NameError: name 'tk' is not defined. Did you mean: 'Tk'?
Traceback (most recent call last):
  File "D:\My Projects\Excel-Tools\main.py", line 658, in <module>
    main()
    ~~~~^^
  File "D:\My Projects\Excel-Tools\main.py", line 500, in main
    f1 = tk.Frame(root)
         ^^
NameError: name 'tk' is not defined. Did you mean: 'Tk'?

During handling of the above exception, another exception occurred:

Traceback (most recent call last):
  File "D:\My Projects\Excel-Tools\main.py", line 663, in <module>
    input()
    ~~~~~^^
  File "<frozen codecs>", line 322, in decode
KeyboardInterrupt
Traceback (most recent call last):
  File "D:\My Projects\Excel-Tools\main.py", line 658, in <module>
    main()
    ~~~~^^
  File "D:\My Projects\Excel-Tools\main.py", line 503, in main
    lb1 = tk.Label(f1, text="选择文件:", fg="red")
          ^^
NameError: name 'tk' is not defined. Did you mean: 'Tk'?
Traceback (most recent call last):
  File "D:\My Projects\Excel-Tools\main.py", line 658, in <module>
    main()
    ~~~~^^
  File "D:\My Projects\Excel-Tools\main.py", line 503, in main
    lb1 = tk.Label(f1, text="选择文件:", fg="red")
          ^^
NameError: name 'tk' is not defined. Did you mean: 'Tk'?

During handling of the above exception, another exception occurred:

Traceback (most recent call last):
  File "D:\My Projects\Excel-Tools\main.py", line 663, in <module>
    input()
    ~~~~~^^
  File "<frozen codecs>", line 322, in decode
KeyboardInterrupt
Traceback (most recent call last):
  File "D:\My Projects\Excel-Tools\main.py", line 658, in <module>
    main()
    ~~~~^^
  File "D:\My Projects\Excel-Tools\main.py", line 503, in main
    lb1 = Label(f1, text="选择文件:", fg="red")
          ~~~~~^^^^^^^^^^^^^^^^^^^^^^^^^^^^^^^^
  File "C:\Users\Admin\AppData\Local\Programs\Python\Python313\Lib\tkinter\ttk.py", line 739, in __init__
    Widget.__init__(self, master, "ttk::label", kw)
    ~~~~~~~~~~~~~~~^^^^^^^^^^^^^^^^^^^^^^^^^^^^^^^^
  File "C:\Users\Admin\AppData\Local\Programs\Python\Python313\Lib\tkinter\ttk.py", line 534, in __init__
    tkinter.Widget.__init__(self, master, widgetname, kw=kw)
    ~~~~~~~~~~~~~~~~~~~~~~~^^^^^^^^^^^^^^^^^^^^^^^^^^^^^^^^^
  File "C:\Users\Admin\AppData\Local\Programs\Python\Python313\Lib\tkinter\__init__.py", line 2774, in __init__
    self.tk.call(
    ~~~~~~~~~~~~^
        (widgetName, self._w) + extra + self._options(cnf))
        ^^^^^^^^^^^^^^^^^^^^^^^^^^^^^^^^^^^^^^^^^^^^^^^^^^^
_tkinter.TclError: unknown option "-fg"
Traceback (most recent call last):
  File "D:\My Projects\Excel-Tools\main.py", line 658, in <module>
    main()
    ~~~~^^
  File "D:\My Projects\Excel-Tools\main.py", line 503, in main
    lb1 = Label(f1, text="选择文件:", fg="red")
          ~~~~~^^^^^^^^^^^^^^^^^^^^^^^^^^^^^^^^
  File "C:\Users\Admin\AppData\Local\Programs\Python\Python313\Lib\tkinter\ttk.py", line 739, in __init__
    Widget.__init__(self, master, "ttk::label", kw)
    ~~~~~~~~~~~~~~~^^^^^^^^^^^^^^^^^^^^^^^^^^^^^^^^
  File "C:\Users\Admin\AppData\Local\Programs\Python\Python313\Lib\tkinter\ttk.py", line 534, in __init__
    tkinter.Widget.__init__(self, master, widgetname, kw=kw)
    ~~~~~~~~~~~~~~~~~~~~~~~^^^^^^^^^^^^^^^^^^^^^^^^^^^^^^^^^
  File "C:\Users\Admin\AppData\Local\Programs\Python\Python313\Lib\tkinter\__init__.py", line 2774, in __init__
    self.tk.call(
    ~~~~~~~~~~~~^
        (widgetName, self._w) + extra + self._options(cnf))
        ^^^^^^^^^^^^^^^^^^^^^^^^^^^^^^^^^^^^^^^^^^^^^^^^^^^
_tkinter.TclError: unknown option "-fg"

During handling of the above exception, another exception occurred:

Traceback (most recent call last):
  File "D:\My Projects\Excel-Tools\main.py", line 663, in <module>
    input()
    ~~~~~^^
  File "<frozen codecs>", line 322, in decode
KeyboardInterrupt
Traceback (most recent call last):
  File "D:\My Projects\Excel-Tools\main.py", line 658, in <module>
    main()
    ~~~~^^
  File "D:\My Projects\Excel-Tools\main.py", line 504, in main
    lb1.grid(row=0, column=0, sticky=tk.W, padx=5)
                                     ^^
NameError: name 'tk' is not defined. Did you mean: 'Tk'?
Traceback (most recent call last):
  File "D:\My Projects\Excel-Tools\main.py", line 658, in <module>
    main()
    ~~~~^^
  File "D:\My Projects\Excel-Tools\main.py", line 504, in main
    lb1.grid(row=0, column=0, sticky=tk.W, padx=5)
                                     ^^
NameError: name 'tk' is not defined. Did you mean: 'Tk'?

During handling of the above exception, another exception occurred:

Traceback (most recent call last):
  File "D:\My Projects\Excel-Tools\main.py", line 663, in <module>
    input()
    ~~~~~^^
  File "<frozen codecs>", line 322, in decode
KeyboardInterrupt
Traceback (most recent call last):
  File "D:\My Projects\Excel-Tools\main.py", line 658, in <module>
    main()
    ~~~~^^
  File "D:\My Projects\Excel-Tools\main.py", line 505, in main
    et1 = tk.Entry(f1, textvariable=var1, width=45, state="disabled")
          ^^
NameError: name 'tk' is not defined. Did you mean: 'Tk'?
Traceback (most recent call last):
  File "D:\My Projects\Excel-Tools\main.py", line 658, in <module>
    main()
    ~~~~^^
  File "D:\My Projects\Excel-Tools\main.py", line 505, in main
    et1 = tk.Entry(f1, textvariable=var1, width=45, state="disabled")
          ^^
NameError: name 'tk' is not defined. Did you mean: 'Tk'?

During handling of the above exception, another exception occurred:

Traceback (most recent call last):
  File "D:\My Projects\Excel-Tools\main.py", line 663, in <module>
    input()
    ~~~~~^^
  File "<frozen codecs>", line 322, in decode
KeyboardInterrupt
Traceback (most recent call last):
  File "D:\My Projects\Excel-Tools\main.py", line 658, in <module>
    main()
    ~~~~^^
  File "D:\My Projects\Excel-Tools\main.py", line 505, in main
    et1 = W(f1, textvariable=var1, width=45, state="disabled")
TypeError: 'str' object is not callable
Traceback (most recent call last):
  File "D:\My Projects\Excel-Tools\main.py", line 658, in <module>
    main()
    ~~~~^^
  File "D:\My Projects\Excel-Tools\main.py", line 505, in main
    et1 = W(f1, textvariable=var1, width=45, state="disabled")
TypeError: 'str' object is not callable

During handling of the above exception, another exception occurred:

Traceback (most recent call last):
  File "D:\My Projects\Excel-Tools\main.py", line 663, in <module>
    input()
    ~~~~~^^
  File "<frozen codecs>", line 322, in decode
KeyboardInterrupt
Traceback (most recent call last):
  File "D:\My Projects\Excel-Tools\main.py", line 658, in <module>
    main()
    ~~~~^^
  File "D:\My Projects\Excel-Tools\main.py", line 504, in main
    lb1.grid(row=0, column=0, sticky=tk.W, padx=5)
                                     ^^
NameError: name 'tk' is not defined. Did you mean: 'Tk'?
Traceback (most recent call last):
  File "D:\My Projects\Excel-Tools\main.py", line 658, in <module>
    main()
    ~~~~^^
  File "D:\My Projects\Excel-Tools\main.py", line 504, in main
    lb1.grid(row=0, column=0, sticky=tk.W, padx=5)
                                     ^^
NameError: name 'tk' is not defined. Did you mean: 'Tk'?

During handling of the above exception, another exception occurred:

Traceback (most recent call last):
  File "D:\My Projects\Excel-Tools\main.py", line 663, in <module>
    input()
    ~~~~~^^
  File "<frozen codecs>", line 322, in decode
KeyboardInterrupt
Traceback (most recent call last):
  File "D:\My Projects\Excel-Tools\main.py", line 658, in <module>
    main()
    ~~~~^^
  File "D:\My Projects\Excel-Tools\main.py", line 505, in main
    et1 = tk.Entry(f1, textvariable=var1, width=45, state="disabled")
          ^^
NameError: name 'tk' is not defined. Did you mean: 'Tk'?
Traceback (most recent call last):
  File "D:\My Projects\Excel-Tools\main.py", line 658, in <module>
    main()
    ~~~~^^
  File "D:\My Projects\Excel-Tools\main.py", line 505, in main
    et1 = tk.Entry(f1, textvariable=var1, width=45, state="disabled")
          ^^
NameError: name 'tk' is not defined. Did you mean: 'Tk'?

During handling of the above exception, another exception occurred:

Traceback (most recent call last):
  File "D:\My Projects\Excel-Tools\main.py", line 663, in <module>
    input()
    ~~~~~^^
  File "<frozen codecs>", line 322, in decode
KeyboardInterrupt
Traceback (most recent call last):
  File "D:\My Projects\Excel-Tools\main.py", line 658, in <module>
    main()
    ~~~~^^
  File "D:\My Projects\Excel-Tools\main.py", line 515, in main
    f2.grid(row=1, column=0, sticky=tk.NW)
                                    ^^
NameError: name 'tk' is not defined. Did you mean: 'Tk'?
Traceback (most recent call last):
  File "D:\My Projects\Excel-Tools\main.py", line 658, in <module>
    main()
    ~~~~^^
  File "D:\My Projects\Excel-Tools\main.py", line 515, in main
    f2.grid(row=1, column=0, sticky=tk.NW)
                                    ^^
NameError: name 'tk' is not defined. Did you mean: 'Tk'?

During handling of the above exception, another exception occurred:

Traceback (most recent call last):
  File "D:\My Projects\Excel-Tools\main.py", line 663, in <module>
    input()
    ~~~~~^^
  File "<frozen codecs>", line 322, in decode
KeyboardInterrupt
Traceback (most recent call last):
  File "D:\My Projects\Excel-Tools\main.py", line 658, in <module>
    main()
    ~~~~^^
  File "D:\My Projects\Excel-Tools\main.py", line 523, in main
    lb2.grid(row=0, column=0, sticky=tk.E)
                                     ^^
NameError: name 'tk' is not defined. Did you mean: 'Tk'?
Traceback (most recent call last):
  File "D:\My Projects\Excel-Tools\main.py", line 658, in <module>
    main()
    ~~~~^^
  File "D:\My Projects\Excel-Tools\main.py", line 523, in main
    lb2.grid(row=0, column=0, sticky=tk.E)
                                     ^^
NameError: name 'tk' is not defined. Did you mean: 'Tk'?

During handling of the above exception, another exception occurred:

Traceback (most recent call last):
  File "D:\My Projects\Excel-Tools\main.py", line 663, in <module>
    input()
    ~~~~~^^
  File "<frozen codecs>", line 322, in decode
KeyboardInterrupt
Traceback (most recent call last):
  File "D:\My Projects\Excel-Tools\main.py", line 658, in <module>
    main()
    ~~~~^^
  File "D:\My Projects\Excel-Tools\main.py", line 530, in main
    t1 = tk.Text(lf1, width=22, height=12)
         ^^
NameError: name 'tk' is not defined. Did you mean: 'Tk'?
Traceback (most recent call last):
  File "D:\My Projects\Excel-Tools\main.py", line 658, in <module>
    main()
    ~~~~^^
  File "D:\My Projects\Excel-Tools\main.py", line 530, in main
    t1 = tk.Text(lf1, width=22, height=12)
         ^^
NameError: name 'tk' is not defined. Did you mean: 'Tk'?

During handling of the above exception, another exception occurred:

Traceback (most recent call last):
  File "D:\My Projects\Excel-Tools\main.py", line 663, in <module>
    input()
    ~~~~~^^
  File "<frozen codecs>", line 322, in decode
KeyboardInterrupt
Traceback (most recent call last):
  File "D:\My Projects\Excel-Tools\main.py", line 658, in <module>
    main()
    ~~~~^^
  File "D:\My Projects\Excel-Tools\main.py", line 531, in main
    scroll = tk.Scrollbar(lf1, orient=tk.VERTICAL)
             ^^
NameError: name 'tk' is not defined. Did you mean: 'Tk'?
Traceback (most recent call last):
  File "D:\My Projects\Excel-Tools\main.py", line 658, in <module>
    main()
    ~~~~^^
  File "D:\My Projects\Excel-Tools\main.py", line 531, in main
    scroll = tk.Scrollbar(lf1, orient=tk.VERTICAL)
             ^^
NameError: name 'tk' is not defined. Did you mean: 'Tk'?

During handling of the above exception, another exception occurred:

Traceback (most recent call last):
  File "D:\My Projects\Excel-Tools\main.py", line 663, in <module>
    input()
    ~~~~~^^
  File "<frozen codecs>", line 322, in decode
KeyboardInterrupt
Traceback (most recent call last):
  File "D:\My Projects\Excel-Tools\main.py", line 658, in <module>
    main()
    ~~~~^^
  File "D:\My Projects\Excel-Tools\main.py", line 531, in main
    scroll = Scrollbar(lf1, orient=tk.VERTICAL)
                                   ^^
NameError: name 'tk' is not defined. Did you mean: 'Tk'?
Traceback (most recent call last):
  File "D:\My Projects\Excel-Tools\main.py", line 658, in <module>
    main()
    ~~~~^^
  File "D:\My Projects\Excel-Tools\main.py", line 531, in main
    scroll = Scrollbar(lf1, orient=tk.VERTICAL)
                                   ^^
NameError: name 'tk' is not defined. Did you mean: 'Tk'?

During handling of the above exception, another exception occurred:

Traceback (most recent call last):
  File "D:\My Projects\Excel-Tools\main.py", line 663, in <module>
    input()
    ~~~~~^^
  File "<frozen codecs>", line 322, in decode
KeyboardInterrupt
Traceback (most recent call last):
  File "D:\My Projects\Excel-Tools\main.py", line 658, in <module>
    main()
    ~~~~^^
  File "D:\My Projects\Excel-Tools\main.py", line 531, in main
    scroll = Scrollbar(lf1, orient=Scrollbar)
  File "C:\Users\Admin\AppData\Local\Programs\Python\Python313\Lib\tkinter\ttk.py", line 1098, in __init__
    Widget.__init__(self, master, "ttk::scrollbar", kw)
    ~~~~~~~~~~~~~~~^^^^^^^^^^^^^^^^^^^^^^^^^^^^^^^^^^^^
  File "C:\Users\Admin\AppData\Local\Programs\Python\Python313\Lib\tkinter\ttk.py", line 534, in __init__
    tkinter.Widget.__init__(self, master, widgetname, kw=kw)
    ~~~~~~~~~~~~~~~~~~~~~~~^^^^^^^^^^^^^^^^^^^^^^^^^^^^^^^^^
  File "C:\Users\Admin\AppData\Local\Programs\Python\Python313\Lib\tkinter\__init__.py", line 2774, in __init__
    self.tk.call(
    ~~~~~~~~~~~~^
        (widgetName, self._w) + extra + self._options(cnf))
        ^^^^^^^^^^^^^^^^^^^^^^^^^^^^^^^^^^^^^^^^^^^^^^^^^^^
_tkinter.TclError: bad orient "1760724782208Scrollbar": must be horizontal or vertical
Traceback (most recent call last):
  File "D:\My Projects\Excel-Tools\main.py", line 658, in <module>
    main()
    ~~~~^^
  File "D:\My Projects\Excel-Tools\main.py", line 531, in main
    scroll = Scrollbar(lf1, orient=Scrollbar)
  File "C:\Users\Admin\AppData\Local\Programs\Python\Python313\Lib\tkinter\ttk.py", line 1098, in __init__
    Widget.__init__(self, master, "ttk::scrollbar", kw)
    ~~~~~~~~~~~~~~~^^^^^^^^^^^^^^^^^^^^^^^^^^^^^^^^^^^^
  File "C:\Users\Admin\AppData\Local\Programs\Python\Python313\Lib\tkinter\ttk.py", line 534, in __init__
    tkinter.Widget.__init__(self, master, widgetname, kw=kw)
    ~~~~~~~~~~~~~~~~~~~~~~~^^^^^^^^^^^^^^^^^^^^^^^^^^^^^^^^^
  File "C:\Users\Admin\AppData\Local\Programs\Python\Python313\Lib\tkinter\__init__.py", line 2774, in __init__
    self.tk.call(
    ~~~~~~~~~~~~^
        (widgetName, self._w) + extra + self._options(cnf))
        ^^^^^^^^^^^^^^^^^^^^^^^^^^^^^^^^^^^^^^^^^^^^^^^^^^^
_tkinter.TclError: bad orient "1760724782208Scrollbar": must be horizontal or vertical

During handling of the above exception, another exception occurred:

Traceback (most recent call last):
  File "D:\My Projects\Excel-Tools\main.py", line 663, in <module>
    input()
    ~~~~~^^
  File "<frozen codecs>", line 322, in decode
KeyboardInterrupt
Traceback (most recent call last):
  File "D:\My Projects\Excel-Tools\main.py", line 658, in <module>
    main()
    ~~~~^^
  File "D:\My Projects\Excel-Tools\main.py", line 544, in main
    lf2.grid(row=0, column=0, padx=5, sticky=tk.N)
                                             ^^
NameError: name 'tk' is not defined. Did you mean: 'Tk'?
Traceback (most recent call last):
  File "D:\My Projects\Excel-Tools\main.py", line 658, in <module>
    main()
    ~~~~^^
  File "D:\My Projects\Excel-Tools\main.py", line 544, in main
    lf2.grid(row=0, column=0, padx=5, sticky=tk.N)
                                             ^^
NameError: name 'tk' is not defined. Did you mean: 'Tk'?

During handling of the above exception, another exception occurred:

Traceback (most recent call last):
  File "D:\My Projects\Excel-Tools\main.py", line 663, in <module>
    input()
    ~~~~~^^
  File "<frozen codecs>", line 322, in decode
KeyboardInterrupt
Traceback (most recent call last):
  File "D:\My Projects\Excel-Tools\main.py", line 658, in <module>
    main()
    ~~~~^^
  File "D:\My Projects\Excel-Tools\main.py", line 603, in main
    rc_menu = tk.Menu(root, tearoff=0)
              ^^
NameError: name 'tk' is not defined. Did you mean: 'Tk'?
Traceback (most recent call last):
  File "D:\My Projects\Excel-Tools\main.py", line 658, in <module>
    main()
    ~~~~^^
  File "D:\My Projects\Excel-Tools\main.py", line 603, in main
    rc_menu = tk.Menu(root, tearoff=0)
              ^^
NameError: name 'tk' is not defined. Did you mean: 'Tk'?

During handling of the above exception, another exception occurred:

Traceback (most recent call last):
  File "D:\My Projects\Excel-Tools\main.py", line 663, in <module>
    input()
    ~~~~~^^
  File "<frozen codecs>", line 322, in decode
KeyboardInterrupt
Traceback (most recent call last):
  File "D:\My Projects\Excel-Tools\main.py", line 658, in <module>
    main()
    ~~~~^^
  File "D:\My Projects\Excel-Tools\main.py", line 625, in main
    var_topmost = tk.BooleanVar(value=top) # 这里懒得改了直接用top变量
                  ^^
NameError: name 'tk' is not defined. Did you mean: 'Tk'?
Traceback (most recent call last):
  File "D:\My Projects\Excel-Tools\main.py", line 658, in <module>
    main()
    ~~~~^^
  File "D:\My Projects\Excel-Tools\main.py", line 625, in main
    var_topmost = tk.BooleanVar(value=top) # 这里懒得改了直接用top变量
                  ^^
NameError: name 'tk' is not defined. Did you mean: 'Tk'?

During handling of the above exception, another exception occurred:

Traceback (most recent call last):
  File "D:\My Projects\Excel-Tools\main.py", line 663, in <module>
    input()
    ~~~~~^^
  File "<frozen codecs>", line 322, in decode
KeyboardInterrupt
Traceback (most recent call last):
  File "D:\My Projects\Excel-Tools\main.py", line 658, in <module>
    main()
    ~~~~^^
  File "D:\My Projects\Excel-Tools\main.py", line 636, in main
    print(blue_text('[提示]文件无需手动选择，可拖拽进入窗口！'))
          ~~~~~~~~~^^^^^^^^^^^^^^^^^^^^^^^^^^^^^^^^^^^^^^^^^^^^
  File "D:\My Projects\Excel-Tools\main.py", line 454, in blue_text
    return Fore.BLUE+Style.BRIGHT+text+Style.RESET_ALL
                     ^^^^^^^^^^^^
AttributeError: type object 'Style' has no attribute 'BRIGHT'
Traceback (most recent call last):
  File "D:\My Projects\Excel-Tools\main.py", line 658, in <module>
    main()
    ~~~~^^
  File "D:\My Projects\Excel-Tools\main.py", line 636, in main
    print(blue_text('[提示]文件无需手动选择，可拖拽进入窗口！'))
          ~~~~~~~~~^^^^^^^^^^^^^^^^^^^^^^^^^^^^^^^^^^^^^^^^^^^^
  File "D:\My Projects\Excel-Tools\main.py", line 454, in blue_text
    return Fore.BLUE+Style.BRIGHT+text+Style.RESET_ALL
                     ^^^^^^^^^^^^
AttributeError: type object 'Style' has no attribute 'BRIGHT'

During handling of the above exception, another exception occurred:

Traceback (most recent call last):
  File "D:\My Projects\Excel-Tools\main.py", line 663, in <module>
    input()
    ~~~~~^^
  File "<frozen codecs>", line 322, in decode
KeyboardInterrupt
Traceback (most recent call last):
  File "D:\My Projects\Excel-Tools\main.py", line 658, in <module>
    main()
    ~~~~^^
  File "D:\My Projects\Excel-Tools\main.py", line 636, in main
    print(blue_text('[提示]文件无需手动选择，可拖拽进入窗口！'))
          ~~~~~~~~~^^^^^^^^^^^^^^^^^^^^^^^^^^^^^^^^^^^^^^^^^^^^
  File "D:\My Projects\Excel-Tools\main.py", line 454, in blue_text
    return Fore.BLUE+Style.BRIGHT+text+Style.RESET_ALL
                     ^^^^^^^^^^^^
AttributeError: type object 'Style' has no attribute 'BRIGHT'
Traceback (most recent call last):
  File "D:\My Projects\Excel-Tools\main.py", line 658, in <module>
    main()
    ~~~~^^
  File "D:\My Projects\Excel-Tools\main.py", line 636, in main
    print(blue_text('[提示]文件无需手动选择，可拖拽进入窗口！'))
          ~~~~~~~~~^^^^^^^^^^^^^^^^^^^^^^^^^^^^^^^^^^^^^^^^^^^^
  File "D:\My Projects\Excel-Tools\main.py", line 454, in blue_text
    return Fore.BLUE+Style.BRIGHT+text+Style.RESET_ALL
                     ^^^^^^^^^^^^
AttributeError: type object 'Style' has no attribute 'BRIGHT'

During handling of the above exception, another exception occurred:

Traceback (most recent call last):
  File "D:\My Projects\Excel-Tools\main.py", line 663, in <module>
    input()
    ~~~~~^^
  File "<frozen codecs>", line 322, in decode
KeyboardInterrupt
Traceback (most recent call last):
  File "D:\My Projects\Excel-Tools\main.py", line 658, in <module>
    main()
    ~~~~^^
  File "D:\My Projects\Excel-Tools\main.py", line 636, in main
    print(blue_text('[提示]文件无需手动选择，可拖拽进入窗口！'))
          ~~~~~~~~~^^^^^^^^^^^^^^^^^^^^^^^^^^^^^^^^^^^^^^^^^^^^
  File "D:\My Projects\Excel-Tools\main.py", line 454, in blue_text
    return Fore.BLUE+Style.BRIGHT+text+Style.RESET_ALL
                     ^^^^^^^^^^^^
AttributeError: type object 'Style' has no attribute 'BRIGHT'
Traceback (most recent call last):
  File "D:\My Projects\Excel-Tools\main.py", line 658, in <module>
    main()
    ~~~~^^
  File "D:\My Projects\Excel-Tools\main.py", line 636, in main
    print(blue_text('[提示]文件无需手动选择，可拖拽进入窗口！'))
          ~~~~~~~~~^^^^^^^^^^^^^^^^^^^^^^^^^^^^^^^^^^^^^^^^^^^^
  File "D:\My Projects\Excel-Tools\main.py", line 454, in blue_text
    return Fore.BLUE+Style.BRIGHT+text+Style.RESET_ALL
                     ^^^^^^^^^^^^
AttributeError: type object 'Style' has no attribute 'BRIGHT'

During handling of the above exception, another exception occurred:

Traceback (most recent call last):
  File "D:\My Projects\Excel-Tools\main.py", line 663, in <module>
    input()
    ~~~~~^^
  File "<frozen codecs>", line 322, in decode
KeyboardInterrupt
Exception in Tkinter callback
Traceback (most recent call last):
  File "C:\Users\Admin\AppData\Local\Programs\Python\Python313\Lib\tkinter\__init__.py", line 2068, in __call__
    return self.func(*args)
           ~~~~~~~~~^^^^^^^
  File "D:\My Projects\Excel-Tools\main.py", line 352, in about
    messagebox.showinfo("关于", f"当前版本：v{VERSION}\n最新版本：v{NEW}\n作者QQ：2418131303\n有bug请联系作者！")
    ^^^^^^^^^^
NameError: name 'messagebox' is not defined
Exception in Tkinter callback
Traceback (most recent call last):
  File "C:\Users\Admin\AppData\Local\Programs\Python\Python313\Lib\tkinter\__init__.py", line 2068, in __call__
    return self.func(*args)
           ~~~~~~~~~^^^^^^^
  File "D:\My Projects\Excel-Tools\main.py", line 623, in <lambda>
    about_menu.add_command(label='更新公告', command=lambda: messagebox.showinfo('更新内容', UPDATE_CONTENT))
                                                             ^^^^^^^^^^
NameError: name 'messagebox' is not defined
Exception in Tkinter callback
Traceback (most recent call last):
  File "C:\Users\Admin\AppData\Local\Programs\Python\Python313\Lib\tkinter\__init__.py", line 2068, in __call__
    return self.func(*args)
           ~~~~~~~~~^^^^^^^
  File "D:\My Projects\Excel-Tools\main.py", line 627, in <lambda>
    set_menu.add_command(label="设置", command=lambda: app.show(root))
                                                       ~~~~~~~~^^^^^^
  File "D:\My Projects\Excel-Tools\main.py", line 114, in show
    self._settings_window = tk.Toplevel(parent)
                            ^^
NameError: name 'tk' is not defined. Did you mean: 'Tk'?
Exception in Tkinter callback
Traceback (most recent call last):
  File "C:\Users\Admin\AppData\Local\Programs\Python\Python313\Lib\tkinter\__init__.py", line 2068, in __call__
    return self.func(*args)
           ~~~~~~~~~^^^^^^^
  File "D:\My Projects\Excel-Tools\Logger.py", line 72, in wrapper
    result = func(*args, **kwargs)
  File "D:\My Projects\Excel-Tools\main.py", line 272, in extract
    messagebox.showerror('错误', '选择的文件不存在！')
    ^^^^^^^^^^
NameError: name 'messagebox' is not defined
Exception in Tkinter callback
Traceback (most recent call last):
  File "C:\Users\Admin\AppData\Local\Programs\Python\Python313\Lib\tkinter\__init__.py", line 2068, in __call__
    return self.func(*args)
           ~~~~~~~~~^^^^^^^
  File "D:\My Projects\Excel-Tools\Logger.py", line 72, in wrapper
    result = func(*args, **kwargs)
  File "D:\My Projects\Excel-Tools\main.py", line 312, in insert
    error_count = ExcelInsert.main([var4.get()[0], int(var4.get()[1:])], num, var1.get())
                                    ~~~~~~~~~~^^^
IndexError: string index out of range
Exception in Tkinter callback
Traceback (most recent call last):
  File "C:\Users\Admin\AppData\Local\Programs\Python\Python313\Lib\tkinter\__init__.py", line 2068, in __call__
    return self.func(*args)
           ~~~~~~~~~^^^^^^^
  File "D:\My Projects\Excel-Tools\Logger.py", line 72, in wrapper
    result = func(*args, **kwargs)
  File "D:\My Projects\Excel-Tools\main.py", line 325, in move_key
    messagebox.showerror('错误', '选择的文件不存在！')
    ^^^^^^^^^^
NameError: name 'messagebox' is not defined
Exception in Tkinter callback
Traceback (most recent call last):
  File "C:\Users\Admin\AppData\Local\Programs\Python\Python313\Lib\tkinter\__init__.py", line 2068, in __call__
    return self.func(*args)
           ~~~~~~~~~^^^^^^^
  File "D:\My Projects\Excel-Tools\main.py", line 405, in open_file
    file_path = filedialog.askopenfilename()
                ^^^^^^^^^^
NameError: name 'filedialog' is not defined
Exception in Tkinter callback
Traceback (most recent call last):
  File "C:\Users\Admin\AppData\Local\Programs\Python\Python313\Lib\tkinter\__init__.py", line 2068, in __call__
    return self.func(*args)
           ~~~~~~~~~^^^^^^^
  File "D:\My Projects\Excel-Tools\main.py", line 405, in open_file
    file_path = filedialog.askopenfilename()
                ^^^^^^^^^^
NameError: name 'filedialog' is not defined
Exception in Tkinter callback
Traceback (most recent call last):
  File "C:\Users\Admin\AppData\Local\Programs\Python\Python313\Lib\tkinter\__init__.py", line 2068, in __call__
    return self.func(*args)
           ~~~~~~~~~^^^^^^^
  File "D:\My Projects\Excel-Tools\main.py", line 517, in <lambda>
    bt_open = Button(f1, text='打开', command=lambda: os.startfile(var1.get()))
                                                      ~~~~~~~~~~~~^^^^^^^^^^^^
FileNotFoundError: [WinError 2] 系统找不到指定的文件。: 'C:/Users/Admin/Desktop/test.xlsx'
Exception in Tkinter callback
Traceback (most recent call last):
  File "C:\Users\Admin\AppData\Local\Programs\Python\Python313\Lib\tkinter\__init__.py", line 2068, in __call__
    return self.func(*args)
           ~~~~~~~~~^^^^^^^
  File "D:\My Projects\Excel-Tools\main.py", line 517, in <lambda>
    bt_open = Button(f1, text='打开', command=lambda: os.startfile(var1.get()))
                                                      ~~~~~~~~~~~~^^^^^^^^^^^^
FileNotFoundError: [WinError 2] 系统找不到指定的文件。: 'C:/Users/Admin/Desktop/test.xlsx'
Exception in Tkinter callback
Traceback (most recent call last):
  File "C:\Users\Admin\AppData\Local\Programs\Python\Python313\Lib\tkinter\__init__.py", line 2068, in __call__
    return self.func(*args)
           ~~~~~~~~~^^^^^^^
  File "D:\My Projects\Excel-Tools\main.py", line 517, in <lambda>
    bt_open = Button(f1, text='打开', command=lambda: os.startfile(var1.get()))
                                                      ~~~~~~~~~~~~^^^^^^^^^^^^
FileNotFoundError: [WinError 2] 系统找不到指定的文件。: 'C:/Users/Admin/Desktop/test.xlsx'
Exception in Tkinter callback
Traceback (most recent call last):
  File "C:\Users\Admin\AppData\Local\Programs\Python\Python313\Lib\tkinter\__init__.py", line 2068, in __call__
    return self.func(*args)
           ~~~~~~~~~^^^^^^^
  File "D:\My Projects\Excel-Tools\main.py", line 517, in <lambda>
    bt_open = Button(f1, text='打开', command=lambda: os.startfile(var1.get()))
                                                      ~~~~~~~~~~~~^^^^^^^^^^^^
FileNotFoundError: [WinError 2] 系统找不到指定的文件。: 'C:/Users/Admin/Desktop/test.xlsx'
Exception in Tkinter callback
Traceback (most recent call last):
  File "C:\Users\Admin\AppData\Local\Programs\Python\Python313\Lib\tkinter\__init__.py", line 2068, in __call__
    return self.func(*args)
           ~~~~~~~~~^^^^^^^
  File "D:\My Projects\Excel-Tools\main.py", line 517, in <lambda>
    bt_open = Button(f1, text='打开', command=lambda: os.startfile(var1.get()))
                                                      ~~~~~~~~~~~~^^^^^^^^^^^^
FileNotFoundError: [WinError 2] 系统找不到指定的文件。: 'C:/Users/Admin/Desktop/test.xlsx'
Exception in Tkinter callback
Traceback (most recent call last):
  File "C:\Users\Admin\AppData\Local\Programs\Python\Python313\Lib\tkinter\__init__.py", line 2068, in __call__
    return self.func(*args)
           ~~~~~~~~~^^^^^^^
  File "D:\My Projects\Excel-Tools\main.py", line 517, in <lambda>
    bt_open = Button(f1, text='打开', command=lambda: os.startfile(var1.get()))
                                                      ~~~~~~~~~~~~^^^^^^^^^^^^
FileNotFoundError: [WinError 2] 系统找不到指定的文件。: 'C:/Users/Admin/Desktop/test.xlsx'
Exception in Tkinter callback
Traceback (most recent call last):
  File "C:\Users\Admin\AppData\Local\Programs\Python\Python313\Lib\tkinter\__init__.py", line 2068, in __call__
    return self.func(*args)
           ~~~~~~~~~^^^^^^^
  File "D:\My Projects\Excel-Tools\main.py", line 415, in open_file3
    file_path = filedialog.askdirectory()
                ^^^^^^^^^^
NameError: name 'filedialog' is not defined
Exception in Tkinter callback
Traceback (most recent call last):
  File "C:\Users\Admin\AppData\Local\Programs\Python\Python313\Lib\tkinter\__init__.py", line 2068, in __call__
    return self.func(*args)
           ~~~~~~~~~^^^^^^^
  File "D:\My Projects\Excel-Tools\main.py", line 410, in open_file2
    file_path = filedialog.askopenfilename()
                ^^^^^^^^^^
NameError: name 'filedialog' is not defined
Exception in Tkinter callback
Traceback (most recent call last):
  File "C:\Users\Admin\AppData\Local\Programs\Python\Python313\Lib\tkinter\__init__.py", line 2068, in __call__
    return self.func(*args)
           ~~~~~~~~~^^^^^^^
  File "D:\My Projects\Excel-Tools\Logger.py", line 72, in wrapper
    result = func(*args, **kwargs)
  File "D:\My Projects\Excel-Tools\main.py", line 348, in excel_search
    messagebox.showinfo('提示', '搜索完成！请到命令行查看搜索结果。')
    ^^^^^^^^^^
NameError: name 'messagebox' is not defined
Exception in Tkinter callback
Traceback (most recent call last):
  File "C:\Users\Admin\AppData\Local\Programs\Python\Python313\Lib\tkinter\__init__.py", line 2068, in __call__
    return self.func(*args)
           ~~~~~~~~~^^^^^^^
  File "D:\My Projects\Excel-Tools\Logger.py", line 72, in wrapper
    result = func(*args, **kwargs)
  File "D:\My Projects\Excel-Tools\main.py", line 348, in excel_search
    messagebox.showinfo('提示', '搜索完成！请到命令行查看搜索结果。')
    ^^^^^^^^^^
NameError: name 'messagebox' is not defined
----------Above 2025-05-15 22:22:25----------

Exception in Tkinter callback
Traceback (most recent call last):
  File "C:\Users\Admin\AppData\Local\Programs\Python\Python313\Lib\tkinter\__init__.py", line 2068, in __call__
    return self.func(*args)
           ~~~~~~~~~^^^^^^^
  File "D:\My Projects\Excel-Tools\main.py", line 628, in <lambda>
    set_menu.add_command(label="设置", command=lambda: app.show(root))
                                                       ~~~~~~~~^^^^^^
  File "D:\My Projects\Excel-Tools\main.py", line 115, in show
    self._settings_window = tk.Toplevel(parent)
                            ^^
NameError: name 'tk' is not defined. Did you mean: 'Tk'?
----------Above 2025-05-15 22:23:31----------

Exception in Tkinter callback
Traceback (most recent call last):
  File "C:\Users\Admin\AppData\Local\Programs\Python\Python313\Lib\tkinter\__init__.py", line 2068, in __call__
    return self.func(*args)
           ~~~~~~~~~^^^^^^^
  File "D:\My Projects\Excel-Tools\main.py", line 628, in <lambda>
    set_menu.add_command(label="设置", command=lambda: app.show(root))
                                                       ~~~~~~~~^^^^^^
  File "D:\My Projects\Excel-Tools\main.py", line 115, in show
    self._settings_window = tk.Toplevel(parent)
                            ^^
NameError: name 'tk' is not defined. Did you mean: 'Tk'?
Exception in Tkinter callback
Traceback (most recent call last):
  File "C:\Users\Admin\AppData\Local\Programs\Python\Python313\Lib\tkinter\__init__.py", line 2068, in __call__
    return self.func(*args)
           ~~~~~~~~~^^^^^^^
  File "D:\My Projects\Excel-Tools\main.py", line 628, in <lambda>
    set_menu.add_command(label="设置", command=lambda: app.show(root))
                                                       ~~~~~~~~^^^^^^
  File "D:\My Projects\Excel-Tools\main.py", line 121, in show
    self._create_settings_ui()
    ~~~~~~~~~~~~~~~~~~~~~~~~^^
  File "D:\My Projects\Excel-Tools\main.py", line 172, in _create_settings_ui
    main_frame = Frame(self._settings_window, padx=10, pady=10)
  File "C:\Users\Admin\AppData\Local\Programs\Python\Python313\Lib\tkinter\ttk.py", line 720, in __init__
    Widget.__init__(self, master, "ttk::frame", kw)
    ~~~~~~~~~~~~~~~^^^^^^^^^^^^^^^^^^^^^^^^^^^^^^^^
  File "C:\Users\Admin\AppData\Local\Programs\Python\Python313\Lib\tkinter\ttk.py", line 534, in __init__
    tkinter.Widget.__init__(self, master, widgetname, kw=kw)
    ~~~~~~~~~~~~~~~~~~~~~~~^^^^^^^^^^^^^^^^^^^^^^^^^^^^^^^^^
  File "C:\Users\Admin\AppData\Local\Programs\Python\Python313\Lib\tkinter\__init__.py", line 2774, in __init__
    self.tk.call(
    ~~~~~~~~~~~~^
        (widgetName, self._w) + extra + self._options(cnf))
        ^^^^^^^^^^^^^^^^^^^^^^^^^^^^^^^^^^^^^^^^^^^^^^^^^^^
_tkinter.TclError: unknown option "-padx"
Exception in Tkinter callback
Traceback (most recent call last):
  File "C:\Users\Admin\AppData\Local\Programs\Python\Python313\Lib\tkinter\__init__.py", line 2068, in __call__
    return self.func(*args)
           ~~~~~~~~~^^^^^^^
  File "D:\My Projects\Excel-Tools\main.py", line 628, in <lambda>
    set_menu.add_command(label="设置", command=lambda: app.show(root))
                                                       ~~~~~~~~^^^^^^
  File "D:\My Projects\Excel-Tools\main.py", line 121, in show
    self._create_settings_ui()
    ~~~~~~~~~~~~~~~~~~~~~~~~^^
  File "D:\My Projects\Excel-Tools\main.py", line 172, in _create_settings_ui
    main_frame = Frame(self._settings_window, padx=10, pady=10)
  File "C:\Users\Admin\AppData\Local\Programs\Python\Python313\Lib\tkinter\ttk.py", line 720, in __init__
    Widget.__init__(self, master, "ttk::frame", kw)
    ~~~~~~~~~~~~~~~^^^^^^^^^^^^^^^^^^^^^^^^^^^^^^^^
  File "C:\Users\Admin\AppData\Local\Programs\Python\Python313\Lib\tkinter\ttk.py", line 534, in __init__
    tkinter.Widget.__init__(self, master, widgetname, kw=kw)
    ~~~~~~~~~~~~~~~~~~~~~~~^^^^^^^^^^^^^^^^^^^^^^^^^^^^^^^^^
  File "C:\Users\Admin\AppData\Local\Programs\Python\Python313\Lib\tkinter\__init__.py", line 2774, in __init__
    self.tk.call(
    ~~~~~~~~~~~~^
        (widgetName, self._w) + extra + self._options(cnf))
        ^^^^^^^^^^^^^^^^^^^^^^^^^^^^^^^^^^^^^^^^^^^^^^^^^^^
_tkinter.TclError: unknown option "-padx"
Exception in Tkinter callback
Traceback (most recent call last):
  File "C:\Users\Admin\AppData\Local\Programs\Python\Python313\Lib\tkinter\__init__.py", line 2068, in __call__
    return self.func(*args)
           ~~~~~~~~~^^^^^^^
  File "D:\My Projects\Excel-Tools\main.py", line 628, in <lambda>
    set_menu.add_command(label="设置", command=lambda: app.show(root))
                                                       ~~~~~~~~^^^^^^
  File "D:\My Projects\Excel-Tools\main.py", line 117, in show
    self._settings_window.geometry("400+200")
    ~~~~~~~~~~~~~~~~~~~~~~~~~~~~~~^^^^^^^^^^^
  File "C:\Users\Admin\AppData\Local\Programs\Python\Python313\Lib\tkinter\__init__.py", line 2233, in wm_geometry
    return self.tk.call('wm', 'geometry', self._w, newGeometry)
           ~~~~~~~~~~~~^^^^^^^^^^^^^^^^^^^^^^^^^^^^^^^^^^^^^^^^
_tkinter.TclError: bad geometry specifier "400+200"
----------Above 2025-05-17 12:11:33----------

Traceback (most recent call last):
  File "D:\My Projects\Excel-Tools\main.py", line 667, in <module>
    main()
    ~~~~^^
  File "D:\My Projects\Excel-Tools\main.py", line 472, in main
    root.geometry(pos)
    ~~~~~~~~~~~~~^^^^^
  File "C:\Users\Admin\AppData\Local\Programs\Python\Python313\Lib\tkinter\__init__.py", line 2233, in wm_geometry
    return self.tk.call('wm', 'geometry', self._w, newGeometry)
           ~~~~~~~~~~~~^^^^^^^^^^^^^^^^^^^^^^^^^^^^^^^^^^^^^^^^
_tkinter.TclError: bad geometry specifier "1200+350"
Traceback (most recent call last):
  File "D:\My Projects\Excel-Tools\main.py", line 667, in <module>
    main()
    ~~~~^^
  File "D:\My Projects\Excel-Tools\main.py", line 472, in main
    root.geometry(pos)
    ~~~~~~~~~~~~~^^^^^
  File "C:\Users\Admin\AppData\Local\Programs\Python\Python313\Lib\tkinter\__init__.py", line 2233, in wm_geometry
    return self.tk.call('wm', 'geometry', self._w, newGeometry)
           ~~~~~~~~~~~~^^^^^^^^^^^^^^^^^^^^^^^^^^^^^^^^^^^^^^^^
_tkinter.TclError: bad geometry specifier "1200+350"

During handling of the above exception, another exception occurred:

Traceback (most recent call last):
  File "D:\My Projects\Excel-Tools\main.py", line 672, in <module>
    input()
    ~~~~~^^
  File "<frozen codecs>", line 322, in decode
KeyboardInterrupt
Exception in Tkinter callback
Traceback (most recent call last):
  File "C:\Users\Admin\AppData\Local\Programs\Python\Python313\Lib\tkinter\__init__.py", line 2068, in __call__
    return self.func(*args)
           ~~~~~~~~~^^^^^^^
  File "D:\My Projects\Excel-Tools\Logger.py", line 72, in wrapper
    result = func(*args, **kwargs)
  File "D:\My Projects\Excel-Tools\main.py", line 278, in extract
    result = ExcelExtract.main(var2.get(), var3.get(), var1.get())
  File "D:\My Projects\Excel-Tools\ExcelExtract.py", line 4, in main
    wb = openpyxl.load_workbook(file)
  File "C:\Users\Admin\AppData\Local\Programs\Python\Python313\Lib\site-packages\openpyxl\reader\excel.py", line 346, in load_workbook
    reader = ExcelReader(filename, read_only, keep_vba,
                         data_only, keep_links, rich_text)
  File "C:\Users\Admin\AppData\Local\Programs\Python\Python313\Lib\site-packages\openpyxl\reader\excel.py", line 123, in __init__
    self.archive = _validate_archive(fn)
                   ~~~~~~~~~~~~~~~~~^^^^
  File "C:\Users\Admin\AppData\Local\Programs\Python\Python313\Lib\site-packages\openpyxl\reader\excel.py", line 93, in _validate_archive
    raise InvalidFileException(msg)
openpyxl.utils.exceptions.InvalidFileException: openpyxl does not support the old .xls file format, please use xlrd to read this file, or convert it to the more recent .xlsx file format.
Exception in Tkinter callback
Traceback (most recent call last):
  File "C:\Users\Admin\AppData\Local\Programs\Python\Python313\Lib\tkinter\__init__.py", line 2068, in __call__
    return self.func(*args)
           ~~~~~~~~~^^^^^^^
  File "D:\My Projects\Excel-Tools\Logger.py", line 72, in wrapper
    result = func(*args, **kwargs)
  File "D:\My Projects\Excel-Tools\main.py", line 315, in insert
    error_count = ExcelInsert.main([var4.get()[0], int(var4.get()[1:])], num, var1.get())
                                    ~~~~~~~~~~^^^
IndexError: string index out of range
Exception in Tkinter callback
Traceback (most recent call last):
  File "C:\Users\Admin\AppData\Local\Programs\Python\Python313\Lib\tkinter\__init__.py", line 2068, in __call__
    return self.func(*args)
           ~~~~~~~~~^^^^^^^
  File "D:\My Projects\Excel-Tools\Logger.py", line 72, in wrapper
    result = func(*args, **kwargs)
  File "D:\My Projects\Excel-Tools\main.py", line 330, in move_key
    MoveKey.main(var1.get(), var5.get(), var6.get(), var7.get())
    ~~~~~~~~~~~~^^^^^^^^^^^^^^^^^^^^^^^^^^^^^^^^^^^^^^^^^^^^^^^^
  File "D:\My Projects\Excel-Tools\MoveKey.py", line 11, in main
    now = start[0]
          ~~~~~^^^
IndexError: string index out of range
----------Above 2025-05-17 12:45:57----------

Exception in Tkinter callback
Traceback (most recent call last):
  File "C:\Users\Admin\AppData\Local\Programs\Python\Python313\Lib\tkinter\__init__.py", line 2068, in __call__
    return self.func(*args)
           ~~~~~~~~~^^^^^^^
  File "D:\My Projects\Excel-Tools\Logger.py", line 72, in wrapper
    result = func(*args, **kwargs)
  File "D:\My Projects\Excel-Tools\main.py", line 278, in extract
    result = ExcelExtract.main(var2.get(), var3.get(), var1.get())
  File "D:\My Projects\Excel-Tools\ExcelExtract.py", line 4, in main
    wb = openpyxl.load_workbook(file)
  File "C:\Users\Admin\AppData\Local\Programs\Python\Python313\Lib\site-packages\openpyxl\reader\excel.py", line 346, in load_workbook
    reader = ExcelReader(filename, read_only, keep_vba,
                         data_only, keep_links, rich_text)
  File "C:\Users\Admin\AppData\Local\Programs\Python\Python313\Lib\site-packages\openpyxl\reader\excel.py", line 123, in __init__
    self.archive = _validate_archive(fn)
                   ~~~~~~~~~~~~~~~~~^^^^
  File "C:\Users\Admin\AppData\Local\Programs\Python\Python313\Lib\site-packages\openpyxl\reader\excel.py", line 93, in _validate_archive
    raise InvalidFileException(msg)
openpyxl.utils.exceptions.InvalidFileException: openpyxl does not support the old .xls file format, please use xlrd to read this file, or convert it to the more recent .xlsx file format.
----------Above 2025-05-17 13:54:11----------

Exception in Tkinter callback
Traceback (most recent call last):
  File "C:\Users\Admin\AppData\Local\Programs\Python\Python313\Lib\tkinter\__init__.py", line 2068, in __call__
    return self.func(*args)
           ~~~~~~~~~^^^^^^^
  File "D:\My Projects\Excel-Tools\Logger.py", line 72, in wrapper
    result = func(*args, **kwargs)
  File "D:\My Projects\Excel-Tools\main.py", line 278, in extract
    result = ExcelExtract.main(var2.get(), var3.get(), var1.get())
  File "D:\My Projects\Excel-Tools\ExcelExtract.py", line 4, in main
    wb = openpyxl.load_workbook(file)
  File "C:\Users\Admin\AppData\Local\Programs\Python\Python313\Lib\site-packages\openpyxl\reader\excel.py", line 346, in load_workbook
    reader = ExcelReader(filename, read_only, keep_vba,
                         data_only, keep_links, rich_text)
  File "C:\Users\Admin\AppData\Local\Programs\Python\Python313\Lib\site-packages\openpyxl\reader\excel.py", line 123, in __init__
    self.archive = _validate_archive(fn)
                   ~~~~~~~~~~~~~~~~~^^^^
  File "C:\Users\Admin\AppData\Local\Programs\Python\Python313\Lib\site-packages\openpyxl\reader\excel.py", line 93, in _validate_archive
    raise InvalidFileException(msg)
openpyxl.utils.exceptions.InvalidFileException: openpyxl does not support the old .xls file format, please use xlrd to read this file, or convert it to the more recent .xlsx file format.
Exception in Tkinter callback
Traceback (most recent call last):
  File "C:\Users\Admin\AppData\Local\Programs\Python\Python313\Lib\tkinter\__init__.py", line 2068, in __call__
    return self.func(*args)
           ~~~~~~~~~^^^^^^^
  File "D:\My Projects\Excel-Tools\Logger.py", line 72, in wrapper
    result = func(*args, **kwargs)
  File "D:\My Projects\Excel-Tools\main.py", line 315, in insert
    error_count = ExcelInsert.main([var4.get()[0], int(var4.get()[1:])], num, var1.get())
                                    ~~~~~~~~~~^^^
IndexError: string index out of range
----------Above 2025-05-17 14:12:53----------

Exception in Tkinter callback
Traceback (most recent call last):
  File "C:\Users\Admin\AppData\Local\Programs\Python\Python313\Lib\tkinter\__init__.py", line 2068, in __call__
    return self.func(*args)
           ~~~~~~~~~^^^^^^^
  File "D:\My Projects\Excel-Tools\main.py", line 433, in on_drop
    if file_path.endswith('.xls'):
       ^^^^^^^^^
NameError: name 'file_path' is not defined
