2025-05-03 17:53:27 - INFO - ============================================================
2025-05-03 17:53:27 - INFO - 应用程序启动 - 时间: 2025-05-03 17:53:27
2025-05-03 17:54:01 - INFO - ============================================================
2025-05-03 17:54:01 - INFO - 应用程序启动 - 时间: 2025-05-03 17:54:01
2025-05-03 17:54:23 - INFO - ============================================================
2025-05-03 17:54:23 - INFO - 应用程序启动 - 时间: 2025-05-03 17:54:23
2025-05-03 17:54:31 - INFO - ============================================================
2025-05-03 17:54:31 - INFO - 应用程序启动 - 时间: 2025-05-03 17:54:31
2025-05-03 17:54:33 - INFO - 应用程序关闭 - 时间: 2025-05-03 17:54:33
2025-05-03 17:54:33 - INFO - ============================================================
2025-05-03 17:54:36 - INFO - ============================================================
2025-05-03 17:54:36 - INFO - 应用程序启动 - 时间: 2025-05-03 17:54:36
2025-05-03 17:54:41 - INFO - 调用开始: __main__.extract | 参数: () | 关键字参数: {}
2025-05-03 17:54:42 - INFO - 调用成功: __main__.extract | 返回: False
2025-05-03 17:54:51 - INFO - 调用开始: __main__.extract | 参数: () | 关键字参数: {}
2025-05-03 17:54:51 - INFO - 调用成功: __main__.extract | 返回: True
2025-05-03 17:54:51 - INFO - 调用开始: __main__.search | 参数: () | 关键字参数: {}
2025-05-03 17:55:12 - INFO - ============================================================
2025-05-03 17:55:12 - INFO - 应用程序启动 - 时间: 2025-05-03 17:55:12
2025-05-03 17:55:23 - INFO - 调用开始: __main__.extract | 参数: () | 关键字参数: {}
2025-05-03 17:55:23 - INFO - 调用成功: __main__.extract | 返回: True
2025-05-03 17:55:25 - INFO - 调用开始: __main__.search | 参数: () | 关键字参数: {}
2025-05-03 17:55:30 - INFO - 调用成功: __main__.search | 返回: True
2025-05-03 17:55:39 - INFO - 调用开始: __main__.insert | 参数: () | 关键字参数: {}
2025-05-03 17:55:44 - INFO - 调用成功: __main__.insert | 返回: None
2025-05-03 17:55:52 - INFO - 调用开始: __main__.excel_search | 参数: () | 关键字参数: {}
2025-05-03 17:55:54 - INFO - 调用成功: __main__.excel_search | 返回: None
2025-05-03 17:55:59 - INFO - 调用开始: __main__.excel_search | 参数: () | 关键字参数: {}
2025-05-03 17:56:01 - INFO - ============================================================
2025-05-03 17:56:01 - INFO - 应用程序启动 - 时间: 2025-05-03 17:56:01
2025-05-03 17:56:01 - INFO - ============================================================
2025-05-03 17:56:01 - INFO - 应用程序启动 - 时间: 2025-05-03 17:56:01
2025-05-03 17:56:01 - INFO - ============================================================
2025-05-03 17:56:01 - INFO - 应用程序启动 - 时间: 2025-05-03 17:56:01
2025-05-03 17:56:01 - INFO - ============================================================
2025-05-03 17:56:01 - INFO - 应用程序启动 - 时间: 2025-05-03 17:56:01
2025-05-03 17:56:01 - INFO - ============================================================
2025-05-03 17:56:01 - INFO - 应用程序启动 - 时间: 2025-05-03 17:56:01
2025-05-03 17:56:01 - INFO - ============================================================
2025-05-03 17:56:01 - INFO - 应用程序启动 - 时间: 2025-05-03 17:56:01
2025-05-03 17:56:01 - INFO - ============================================================
2025-05-03 17:56:01 - INFO - 应用程序启动 - 时间: 2025-05-03 17:56:01
2025-05-03 17:56:01 - INFO - ============================================================
2025-05-03 17:56:01 - INFO - 应用程序启动 - 时间: 2025-05-03 17:56:01
2025-05-03 17:56:01 - INFO - 应用程序关闭 - 时间: 2025-05-03 17:56:01
2025-05-03 17:56:01 - INFO - ============================================================
2025-05-03 17:56:01 - INFO - 应用程序关闭 - 时间: 2025-05-03 17:56:01
2025-05-03 17:56:01 - INFO - ============================================================
2025-05-03 17:56:01 - INFO - 应用程序关闭 - 时间: 2025-05-03 17:56:01
2025-05-03 17:56:01 - INFO - 应用程序关闭 - 时间: 2025-05-03 17:56:01
2025-05-03 17:56:01 - INFO - ============================================================
2025-05-03 17:56:01 - INFO - 应用程序关闭 - 时间: 2025-05-03 17:56:01
2025-05-03 17:56:01 - INFO - 应用程序关闭 - 时间: 2025-05-03 17:56:01
2025-05-03 17:56:01 - INFO - ============================================================
2025-05-03 17:56:01 - INFO - ============================================================
2025-05-03 17:56:01 - INFO - 应用程序关闭 - 时间: 2025-05-03 17:56:01
2025-05-03 17:56:01 - INFO - ============================================================
2025-05-03 17:56:01 - INFO - ============================================================
2025-05-03 17:56:01 - INFO - 应用程序关闭 - 时间: 2025-05-03 17:56:01
2025-05-03 17:56:01 - INFO - ============================================================
2025-05-03 17:56:04 - INFO - ============================================================
2025-05-03 17:56:04 - INFO - 应用程序启动 - 时间: 2025-05-03 17:56:04
2025-05-03 17:56:04 - INFO - ============================================================
2025-05-03 17:56:04 - INFO - 应用程序启动 - 时间: 2025-05-03 17:56:04
2025-05-03 17:56:04 - INFO - ============================================================
2025-05-03 17:56:04 - INFO - 应用程序启动 - 时间: 2025-05-03 17:56:04
2025-05-03 17:56:04 - INFO - ============================================================
2025-05-03 17:56:04 - INFO - 应用程序启动 - 时间: 2025-05-03 17:56:04
2025-05-03 17:56:04 - INFO - ============================================================
2025-05-03 17:56:04 - INFO - 应用程序启动 - 时间: 2025-05-03 17:56:04
2025-05-03 17:56:04 - INFO - ============================================================
2025-05-03 17:56:04 - INFO - 应用程序启动 - 时间: 2025-05-03 17:56:04
2025-05-03 17:56:04 - INFO - ============================================================
2025-05-03 17:56:04 - INFO - ============================================================
2025-05-03 17:56:04 - INFO - 应用程序启动 - 时间: 2025-05-03 17:56:04
2025-05-03 17:56:04 - INFO - 应用程序启动 - 时间: 2025-05-03 17:56:04
2025-05-03 17:56:04 - INFO - 应用程序关闭 - 时间: 2025-05-03 17:56:04
2025-05-03 17:56:04 - INFO - 应用程序关闭 - 时间: 2025-05-03 17:56:04
2025-05-03 17:56:04 - INFO - 应用程序关闭 - 时间: 2025-05-03 17:56:04
2025-05-03 17:56:04 - INFO - ============================================================
2025-05-03 17:56:04 - INFO - ============================================================
2025-05-03 17:56:04 - INFO - 应用程序关闭 - 时间: 2025-05-03 17:56:04
2025-05-03 17:56:04 - INFO - ============================================================
2025-05-03 17:56:04 - INFO - 应用程序关闭 - 时间: 2025-05-03 17:56:04
2025-05-03 17:56:04 - INFO - ============================================================
2025-05-03 17:56:04 - INFO - ============================================================
2025-05-03 17:56:04 - INFO - 应用程序关闭 - 时间: 2025-05-03 17:56:04
2025-05-03 17:56:04 - INFO - 应用程序关闭 - 时间: 2025-05-03 17:56:04
2025-05-03 17:56:04 - INFO - ============================================================
2025-05-03 17:56:04 - INFO - ============================================================
2025-05-03 17:56:06 - INFO - ============================================================
2025-05-03 17:56:06 - INFO - 应用程序启动 - 时间: 2025-05-03 17:56:06
2025-05-03 17:56:06 - INFO - ============================================================
2025-05-03 17:56:06 - INFO - 应用程序启动 - 时间: 2025-05-03 17:56:06
2025-05-03 17:56:06 - INFO - ============================================================
2025-05-03 17:56:06 - INFO - 应用程序启动 - 时间: 2025-05-03 17:56:06
2025-05-03 17:56:06 - INFO - ============================================================
2025-05-03 17:56:06 - INFO - 应用程序启动 - 时间: 2025-05-03 17:56:06
2025-05-03 17:56:06 - INFO - ============================================================
2025-05-03 17:56:06 - INFO - 应用程序启动 - 时间: 2025-05-03 17:56:06
2025-05-03 17:56:06 - INFO - ============================================================
2025-05-03 17:56:06 - INFO - 应用程序启动 - 时间: 2025-05-03 17:56:06
2025-05-03 17:56:06 - INFO - ============================================================
2025-05-03 17:56:06 - INFO - 应用程序启动 - 时间: 2025-05-03 17:56:06
2025-05-03 17:56:06 - INFO - ============================================================
2025-05-03 17:56:06 - INFO - 应用程序启动 - 时间: 2025-05-03 17:56:06
2025-05-03 17:56:07 - INFO - 应用程序关闭 - 时间: 2025-05-03 17:56:07
2025-05-03 17:56:07 - INFO - ============================================================
2025-05-03 17:56:07 - INFO - 应用程序关闭 - 时间: 2025-05-03 17:56:07
2025-05-03 17:56:07 - INFO - ============================================================
2025-05-03 17:56:07 - INFO - 应用程序关闭 - 时间: 2025-05-03 17:56:07
2025-05-03 17:56:07 - INFO - 应用程序关闭 - 时间: 2025-05-03 17:56:07
2025-05-03 17:56:07 - INFO - ============================================================
2025-05-03 17:56:07 - INFO - ============================================================
2025-05-03 17:56:07 - INFO - 应用程序关闭 - 时间: 2025-05-03 17:56:07
2025-05-03 17:56:07 - INFO - 应用程序关闭 - 时间: 2025-05-03 17:56:07
2025-05-03 17:56:07 - INFO - ============================================================
2025-05-03 17:56:07 - INFO - ============================================================
2025-05-03 17:56:07 - INFO - 应用程序关闭 - 时间: 2025-05-03 17:56:07
2025-05-03 17:56:07 - INFO - 应用程序关闭 - 时间: 2025-05-03 17:56:07
2025-05-03 17:56:07 - INFO - ============================================================
2025-05-03 17:56:07 - INFO - ============================================================
2025-05-03 17:56:09 - INFO - ============================================================
2025-05-03 17:56:09 - INFO - 应用程序启动 - 时间: 2025-05-03 17:56:09
2025-05-03 17:56:09 - INFO - ============================================================
2025-05-03 17:56:09 - INFO - 应用程序启动 - 时间: 2025-05-03 17:56:09
2025-05-03 17:56:09 - INFO - ============================================================
2025-05-03 17:56:09 - INFO - 应用程序启动 - 时间: 2025-05-03 17:56:09
2025-05-03 17:56:09 - INFO - ============================================================
2025-05-03 17:56:09 - INFO - 应用程序启动 - 时间: 2025-05-03 17:56:09
2025-05-03 17:56:09 - INFO - ============================================================
2025-05-03 17:56:09 - INFO - 应用程序启动 - 时间: 2025-05-03 17:56:09
2025-05-03 17:56:09 - INFO - ============================================================
2025-05-03 17:56:09 - INFO - 应用程序启动 - 时间: 2025-05-03 17:56:09
2025-05-03 17:56:09 - INFO - ============================================================
2025-05-03 17:56:09 - INFO - 应用程序启动 - 时间: 2025-05-03 17:56:09
2025-05-03 17:56:09 - INFO - ============================================================
2025-05-03 17:56:09 - INFO - 应用程序启动 - 时间: 2025-05-03 17:56:09
2025-05-03 17:56:09 - INFO - 应用程序关闭 - 时间: 2025-05-03 17:56:09
2025-05-03 17:56:09 - INFO - ============================================================
2025-05-03 17:56:09 - INFO - 应用程序关闭 - 时间: 2025-05-03 17:56:09
2025-05-03 17:56:09 - INFO - ============================================================
2025-05-03 17:56:09 - INFO - 应用程序关闭 - 时间: 2025-05-03 17:56:09
2025-05-03 17:56:09 - INFO - ============================================================
2025-05-03 17:56:09 - INFO - 应用程序关闭 - 时间: 2025-05-03 17:56:09
2025-05-03 17:56:09 - INFO - 应用程序关闭 - 时间: 2025-05-03 17:56:09
2025-05-03 17:56:09 - INFO - 应用程序关闭 - 时间: 2025-05-03 17:56:09
2025-05-03 17:56:09 - INFO - ============================================================
2025-05-03 17:56:09 - INFO - 应用程序关闭 - 时间: 2025-05-03 17:56:09
2025-05-03 17:56:09 - INFO - ============================================================
2025-05-03 17:56:09 - INFO - ============================================================
2025-05-03 17:56:09 - INFO - 应用程序关闭 - 时间: 2025-05-03 17:56:09
2025-05-03 17:56:09 - INFO - ============================================================
2025-05-03 17:56:10 - INFO - 调用成功: __main__.excel_search | 返回: None
2025-05-03 17:56:14 - INFO - 调用开始: __main__.move_key | 参数: () | 关键字参数: {}
2025-05-03 17:56:14 - ERROR - 调用失败: __main__.move_key | 错误: string index out of range
2025-05-03 17:56:15 - INFO - 调用开始: __main__.move_key | 参数: () | 关键字参数: {}
2025-05-03 17:56:15 - ERROR - 调用失败: __main__.move_key | 错误: string index out of range
2025-05-03 17:56:15 - INFO - 调用开始: __main__.move_key | 参数: () | 关键字参数: {}
2025-05-03 17:56:15 - ERROR - 调用失败: __main__.move_key | 错误: string index out of range
2025-05-03 17:56:15 - INFO - 调用开始: __main__.move_key | 参数: () | 关键字参数: {}
2025-05-03 17:56:15 - ERROR - 调用失败: __main__.move_key | 错误: string index out of range
2025-05-03 17:56:15 - INFO - 调用开始: __main__.move_key | 参数: () | 关键字参数: {}
2025-05-03 17:56:15 - ERROR - 调用失败: __main__.move_key | 错误: string index out of range
2025-05-03 17:56:16 - INFO - 调用开始: __main__.move_key | 参数: () | 关键字参数: {}
2025-05-03 17:56:16 - ERROR - 调用失败: __main__.move_key | 错误: string index out of range
2025-05-03 17:56:16 - INFO - 调用开始: __main__.move_key | 参数: () | 关键字参数: {}
2025-05-03 17:56:16 - ERROR - 调用失败: __main__.move_key | 错误: string index out of range
2025-05-03 17:56:16 - INFO - 调用开始: __main__.move_key | 参数: () | 关键字参数: {}
2025-05-03 17:56:16 - ERROR - 调用失败: __main__.move_key | 错误: string index out of range
2025-05-03 17:56:16 - INFO - 调用开始: __main__.move_key | 参数: () | 关键字参数: {}
2025-05-03 17:56:16 - ERROR - 调用失败: __main__.move_key | 错误: string index out of range
2025-05-03 17:56:16 - INFO - 调用开始: __main__.move_key | 参数: () | 关键字参数: {}
2025-05-03 17:56:17 - ERROR - 调用失败: __main__.move_key | 错误: string index out of range
2025-05-03 17:56:17 - INFO - 调用开始: __main__.move_key | 参数: () | 关键字参数: {}
2025-05-03 17:56:17 - ERROR - 调用失败: __main__.move_key | 错误: string index out of range
2025-05-03 17:56:17 - INFO - 调用开始: __main__.move_key | 参数: () | 关键字参数: {}
2025-05-03 17:56:17 - ERROR - 调用失败: __main__.move_key | 错误: string index out of range
2025-05-03 17:56:17 - INFO - 调用开始: __main__.move_key | 参数: () | 关键字参数: {}
2025-05-03 17:56:17 - ERROR - 调用失败: __main__.move_key | 错误: string index out of range
2025-05-03 17:56:17 - INFO - 调用开始: __main__.move_key | 参数: () | 关键字参数: {}
2025-05-03 17:56:17 - ERROR - 调用失败: __main__.move_key | 错误: string index out of range
2025-05-03 17:56:17 - INFO - 调用开始: __main__.move_key | 参数: () | 关键字参数: {}
2025-05-03 17:56:17 - ERROR - 调用失败: __main__.move_key | 错误: string index out of range
2025-05-03 17:56:17 - INFO - 调用开始: __main__.move_key | 参数: () | 关键字参数: {}
2025-05-03 17:56:17 - ERROR - 调用失败: __main__.move_key | 错误: string index out of range
2025-05-03 17:56:17 - INFO - 调用开始: __main__.move_key | 参数: () | 关键字参数: {}
2025-05-03 17:56:17 - ERROR - 调用失败: __main__.move_key | 错误: string index out of range
2025-05-03 18:17:14 - INFO - ============================================================
2025-05-03 18:17:14 - INFO - 应用程序启动 - 时间: 2025-05-03 18:17:14
2025-05-03 18:17:22 - INFO - 应用程序关闭 - 时间: 2025-05-03 18:17:22
2025-05-03 18:17:22 - INFO - ============================================================
2025-05-04 12:42:04 - INFO - ============================================================
2025-05-04 12:42:04 - INFO - 应用程序启动 - 时间: 2025-05-04 12:42:04
2025-05-04 12:42:29 - INFO - 调用开始: __main__.extract | 参数: () | 关键字参数: {}
2025-05-04 12:42:30 - INFO - 调用成功: __main__.extract | 返回: False
2025-05-04 12:42:32 - INFO - 调用开始: __main__.extract | 参数: () | 关键字参数: {}
2025-05-04 12:42:33 - INFO - 调用成功: __main__.extract | 返回: False
2025-05-04 12:42:34 - INFO - 调用开始: __main__.extract | 参数: () | 关键字参数: {}
2025-05-04 12:42:35 - INFO - 调用成功: __main__.extract | 返回: False
2025-05-04 12:47:37 - INFO - 应用程序关闭 - 时间: 2025-05-04 12:47:37
2025-05-04 12:47:37 - INFO - ============================================================
2025-05-06 22:32:13 - INFO - ============================================================
2025-05-06 22:32:13 - INFO - 应用程序启动 - 时间: 2025-05-06 22:32:13
2025-05-06 22:33:29 - INFO - 应用程序关闭 - 时间: 2025-05-06 22:33:29
2025-05-06 22:33:29 - INFO - ============================================================
2025-05-15 21:55:08 - INFO - ============================================================
2025-05-15 21:55:08 - INFO - 应用程序启动 - 时间: 2025-05-15 21:55:08
2025-05-15 21:56:09 - INFO - 应用程序关闭 - 时间: 2025-05-15 21:56:09
2025-05-15 21:56:09 - INFO - ============================================================
2025-05-15 21:57:12 - INFO - ============================================================
2025-05-15 21:57:12 - INFO - 应用程序启动 - 时间: 2025-05-15 21:57:12
2025-05-15 21:57:53 - INFO - 应用程序关闭 - 时间: 2025-05-15 21:57:53
2025-05-15 21:57:53 - INFO - ============================================================
2025-05-15 21:58:12 - INFO - ============================================================
2025-05-15 21:58:12 - INFO - 应用程序启动 - 时间: 2025-05-15 21:58:12
2025-05-15 21:58:14 - INFO - 应用程序关闭 - 时间: 2025-05-15 21:58:14
2025-05-15 21:58:14 - INFO - ============================================================
2025-05-15 21:58:36 - INFO - ============================================================
2025-05-15 21:58:36 - INFO - 应用程序启动 - 时间: 2025-05-15 21:58:36
2025-05-15 21:58:37 - INFO - 调用开始: __main__.move_key | 参数: () | 关键字参数: {}
2025-05-15 21:58:39 - INFO - 调用成功: __main__.move_key | 返回: False
2025-05-15 21:58:40 - INFO - 调用开始: __main__.move_key | 参数: () | 关键字参数: {}
2025-05-15 21:58:40 - INFO - 调用成功: __main__.move_key | 返回: False
2025-05-15 21:58:40 - INFO - 调用开始: __main__.move_key | 参数: () | 关键字参数: {}
2025-05-15 21:58:41 - INFO - 调用成功: __main__.move_key | 返回: False
2025-05-15 21:58:41 - INFO - 调用开始: __main__.move_key | 参数: () | 关键字参数: {}
2025-05-15 21:58:42 - INFO - 调用成功: __main__.move_key | 返回: False
2025-05-15 21:58:42 - INFO - 调用开始: __main__.move_key | 参数: () | 关键字参数: {}
2025-05-15 21:58:42 - INFO - 调用成功: __main__.move_key | 返回: False
2025-05-15 21:58:43 - INFO - 调用开始: __main__.move_key | 参数: () | 关键字参数: {}
2025-05-15 21:58:43 - INFO - 调用成功: __main__.move_key | 返回: False
2025-05-15 21:58:44 - INFO - 调用开始: __main__.move_key | 参数: () | 关键字参数: {}
2025-05-15 21:58:44 - INFO - 调用成功: __main__.move_key | 返回: False
2025-05-15 21:58:46 - INFO - 调用开始: __main__.move_key | 参数: () | 关键字参数: {}
2025-05-15 21:58:46 - INFO - 调用成功: __main__.move_key | 返回: False
2025-05-15 21:58:47 - INFO - 调用开始: __main__.move_key | 参数: () | 关键字参数: {}
2025-05-15 21:58:47 - INFO - 调用成功: __main__.move_key | 返回: False
2025-05-15 21:58:48 - INFO - 应用程序关闭 - 时间: 2025-05-15 21:58:48
2025-05-15 21:58:48 - INFO - ============================================================
2025-05-15 22:00:02 - INFO - ============================================================
2025-05-15 22:00:02 - INFO - 应用程序启动 - 时间: 2025-05-15 22:00:02
2025-05-15 22:00:25 - INFO - 应用程序关闭 - 时间: 2025-05-15 22:00:25
2025-05-15 22:00:25 - INFO - ============================================================
2025-05-15 22:00:36 - INFO - ============================================================
2025-05-15 22:00:36 - INFO - 应用程序启动 - 时间: 2025-05-15 22:00:36
2025-05-15 22:00:40 - INFO - 应用程序关闭 - 时间: 2025-05-15 22:00:40
2025-05-15 22:00:40 - INFO - ============================================================
2025-05-15 22:10:17 - INFO - ============================================================
2025-05-15 22:10:17 - INFO - 应用程序启动 - 时间: 2025-05-15 22:10:17
2025-05-15 22:10:31 - INFO - 应用程序关闭 - 时间: 2025-05-15 22:10:31
2025-05-15 22:10:31 - INFO - ============================================================
2025-05-15 22:10:34 - INFO - ============================================================
2025-05-15 22:10:34 - INFO - 应用程序启动 - 时间: 2025-05-15 22:10:34
2025-05-15 22:10:49 - INFO - 应用程序关闭 - 时间: 2025-05-15 22:10:49
2025-05-15 22:10:49 - INFO - ============================================================
2025-05-15 22:10:51 - INFO - ============================================================
2025-05-15 22:10:51 - INFO - 应用程序启动 - 时间: 2025-05-15 22:10:51
2025-05-15 22:10:54 - INFO - 应用程序关闭 - 时间: 2025-05-15 22:10:54
2025-05-15 22:10:54 - INFO - ============================================================
2025-05-15 22:11:03 - INFO - ============================================================
2025-05-15 22:11:03 - INFO - 应用程序启动 - 时间: 2025-05-15 22:11:03
2025-05-15 22:12:35 - INFO - 应用程序关闭 - 时间: 2025-05-15 22:12:35
2025-05-15 22:12:35 - INFO - ============================================================
2025-05-15 22:12:37 - INFO - ============================================================
2025-05-15 22:12:37 - INFO - 应用程序启动 - 时间: 2025-05-15 22:12:37
2025-05-15 22:13:12 - INFO - 应用程序关闭 - 时间: 2025-05-15 22:13:12
2025-05-15 22:13:12 - INFO - ============================================================
2025-05-15 22:13:14 - INFO - ============================================================
2025-05-15 22:13:14 - INFO - 应用程序启动 - 时间: 2025-05-15 22:13:14
2025-05-15 22:13:30 - INFO - 应用程序关闭 - 时间: 2025-05-15 22:13:30
2025-05-15 22:13:30 - INFO - ============================================================
2025-05-15 22:13:32 - INFO - ============================================================
2025-05-15 22:13:32 - INFO - 应用程序启动 - 时间: 2025-05-15 22:13:32
2025-05-15 22:13:57 - INFO - 应用程序关闭 - 时间: 2025-05-15 22:13:57
2025-05-15 22:13:57 - INFO - ============================================================
2025-05-15 22:13:58 - INFO - ============================================================
2025-05-15 22:13:58 - INFO - 应用程序启动 - 时间: 2025-05-15 22:13:58
2025-05-15 22:14:15 - INFO - 应用程序关闭 - 时间: 2025-05-15 22:14:15
2025-05-15 22:14:15 - INFO - ============================================================
2025-05-15 22:14:17 - INFO - ============================================================
2025-05-15 22:14:17 - INFO - 应用程序启动 - 时间: 2025-05-15 22:14:17
2025-05-15 22:14:30 - INFO - 应用程序关闭 - 时间: 2025-05-15 22:14:30
2025-05-15 22:14:30 - INFO - ============================================================
2025-05-15 22:14:32 - INFO - ============================================================
2025-05-15 22:14:32 - INFO - 应用程序启动 - 时间: 2025-05-15 22:14:32
2025-05-15 22:14:44 - INFO - 应用程序关闭 - 时间: 2025-05-15 22:14:44
2025-05-15 22:14:44 - INFO - ============================================================
2025-05-15 22:14:47 - INFO - ============================================================
2025-05-15 22:14:47 - INFO - 应用程序启动 - 时间: 2025-05-15 22:14:47
2025-05-15 22:14:56 - INFO - 应用程序关闭 - 时间: 2025-05-15 22:14:56
2025-05-15 22:14:56 - INFO - ============================================================
2025-05-15 22:14:58 - INFO - ============================================================
2025-05-15 22:14:58 - INFO - 应用程序启动 - 时间: 2025-05-15 22:14:58
2025-05-15 22:15:09 - INFO - 应用程序关闭 - 时间: 2025-05-15 22:15:09
2025-05-15 22:15:09 - INFO - ============================================================
2025-05-15 22:15:11 - INFO - ============================================================
2025-05-15 22:15:11 - INFO - 应用程序启动 - 时间: 2025-05-15 22:15:11
2025-05-15 22:15:20 - INFO - 应用程序关闭 - 时间: 2025-05-15 22:15:20
2025-05-15 22:15:20 - INFO - ============================================================
2025-05-15 22:15:22 - INFO - ============================================================
2025-05-15 22:15:22 - INFO - 应用程序启动 - 时间: 2025-05-15 22:15:22
2025-05-15 22:15:34 - INFO - 应用程序关闭 - 时间: 2025-05-15 22:15:34
2025-05-15 22:15:34 - INFO - ============================================================
2025-05-15 22:15:35 - INFO - ============================================================
2025-05-15 22:15:35 - INFO - 应用程序启动 - 时间: 2025-05-15 22:15:35
2025-05-15 22:15:43 - INFO - 应用程序关闭 - 时间: 2025-05-15 22:15:43
2025-05-15 22:15:43 - INFO - ============================================================
2025-05-15 22:15:44 - INFO - ============================================================
2025-05-15 22:15:44 - INFO - 应用程序启动 - 时间: 2025-05-15 22:15:44
2025-05-15 22:15:55 - INFO - 应用程序关闭 - 时间: 2025-05-15 22:15:55
2025-05-15 22:15:55 - INFO - ============================================================
2025-05-15 22:15:56 - INFO - ============================================================
2025-05-15 22:15:56 - INFO - 应用程序启动 - 时间: 2025-05-15 22:15:56
2025-05-15 22:16:07 - INFO - 应用程序关闭 - 时间: 2025-05-15 22:16:07
2025-05-15 22:16:07 - INFO - ============================================================
2025-05-15 22:16:08 - INFO - ============================================================
2025-05-15 22:16:08 - INFO - 应用程序启动 - 时间: 2025-05-15 22:16:08
2025-05-15 22:16:25 - INFO - 应用程序关闭 - 时间: 2025-05-15 22:16:25
2025-05-15 22:16:25 - INFO - ============================================================
2025-05-15 22:16:27 - INFO - ============================================================
2025-05-15 22:16:27 - INFO - 应用程序启动 - 时间: 2025-05-15 22:16:27
2025-05-15 22:16:58 - INFO - 应用程序关闭 - 时间: 2025-05-15 22:16:58
2025-05-15 22:16:58 - INFO - ============================================================
2025-05-15 22:17:00 - INFO - ============================================================
2025-05-15 22:17:00 - INFO - 应用程序启动 - 时间: 2025-05-15 22:17:00
2025-05-15 22:17:38 - INFO - 应用程序关闭 - 时间: 2025-05-15 22:17:38
2025-05-15 22:17:38 - INFO - ============================================================
2025-05-15 22:17:40 - INFO - ============================================================
2025-05-15 22:17:40 - INFO - 应用程序启动 - 时间: 2025-05-15 22:17:40
2025-05-15 22:18:46 - INFO - 应用程序关闭 - 时间: 2025-05-15 22:18:46
2025-05-15 22:18:46 - INFO - ============================================================
2025-05-15 22:18:48 - INFO - ============================================================
2025-05-15 22:18:48 - INFO - 应用程序启动 - 时间: 2025-05-15 22:18:48
2025-05-15 22:19:12 - INFO - 应用程序关闭 - 时间: 2025-05-15 22:19:12
2025-05-15 22:19:12 - INFO - ============================================================
2025-05-15 22:19:32 - INFO - ============================================================
2025-05-15 22:19:32 - INFO - 应用程序启动 - 时间: 2025-05-15 22:19:32
2025-05-15 22:19:32 - INFO - 应用程序关闭 - 时间: 2025-05-15 22:19:32
2025-05-15 22:19:32 - INFO - ============================================================
2025-05-15 22:19:57 - INFO - ============================================================
2025-05-15 22:19:57 - INFO - 应用程序启动 - 时间: 2025-05-15 22:19:57
2025-05-15 22:20:00 - INFO - 应用程序关闭 - 时间: 2025-05-15 22:20:00
2025-05-15 22:20:00 - INFO - ============================================================
2025-05-15 22:20:09 - INFO - ============================================================
2025-05-15 22:20:09 - INFO - 应用程序启动 - 时间: 2025-05-15 22:20:09
2025-05-15 22:20:36 - INFO - 调用开始: __main__.extract | 参数: () | 关键字参数: {}
2025-05-15 22:20:36 - ERROR - 调用失败: __main__.extract | 错误: name 'messagebox' is not defined
2025-05-15 22:22:05 - INFO - 调用开始: __main__.insert | 参数: () | 关键字参数: {}
2025-05-15 22:22:05 - ERROR - 调用失败: __main__.insert | 错误: string index out of range
2025-05-15 22:22:06 - INFO - 调用开始: __main__.move_key | 参数: () | 关键字参数: {}
2025-05-15 22:22:06 - ERROR - 调用失败: __main__.move_key | 错误: name 'messagebox' is not defined
2025-05-15 22:22:17 - INFO - 调用开始: __main__.excel_search | 参数: () | 关键字参数: {}
2025-05-15 22:22:17 - ERROR - 调用失败: __main__.excel_search | 错误: name 'messagebox' is not defined
2025-05-15 22:22:23 - INFO - 调用开始: __main__.excel_search | 参数: () | 关键字参数: {}
2025-05-15 22:22:23 - ERROR - 调用失败: __main__.excel_search | 错误: name 'messagebox' is not defined
2025-05-15 22:22:25 - INFO - 应用程序关闭 - 时间: 2025-05-15 22:22:25
2025-05-15 22:22:25 - INFO - ============================================================
2025-05-15 22:23:07 - INFO - ============================================================
2025-05-15 22:23:07 - INFO - 应用程序启动 - 时间: 2025-05-15 22:23:07
2025-05-15 22:23:21 - INFO - 调用开始: __main__.extract | 参数: () | 关键字参数: {}
2025-05-15 22:23:23 - INFO - 调用成功: __main__.extract | 返回: False
2025-05-15 22:23:23 - INFO - 调用开始: __main__.extract | 参数: () | 关键字参数: {}
2025-05-15 22:23:25 - INFO - 调用成功: __main__.extract | 返回: False
2025-05-15 22:23:26 - INFO - 调用开始: __main__.extract | 参数: () | 关键字参数: {}
2025-05-15 22:23:28 - INFO - 调用成功: __main__.extract | 返回: False
2025-05-15 22:23:31 - INFO - 应用程序关闭 - 时间: 2025-05-15 22:23:31
2025-05-15 22:23:31 - INFO - ============================================================
2025-05-15 22:24:53 - INFO - ============================================================
2025-05-15 22:24:53 - INFO - 应用程序启动 - 时间: 2025-05-15 22:24:53
2025-05-15 22:25:02 - INFO - 应用程序关闭 - 时间: 2025-05-15 22:25:02
2025-05-15 22:25:02 - INFO - ============================================================
2025-05-17 12:02:59 - INFO - ============================================================
2025-05-17 12:02:59 - INFO - 应用程序启动 - 时间: 2025-05-17 12:02:59
2025-05-17 12:05:47 - INFO - 应用程序关闭 - 时间: 2025-05-17 12:05:47
2025-05-17 12:05:47 - INFO - ============================================================
2025-05-17 12:05:52 - INFO - ============================================================
2025-05-17 12:05:52 - INFO - 应用程序启动 - 时间: 2025-05-17 12:05:52
2025-05-17 12:06:10 - INFO - 应用程序关闭 - 时间: 2025-05-17 12:06:10
2025-05-17 12:06:10 - INFO - ============================================================
2025-05-17 12:06:12 - INFO - ============================================================
2025-05-17 12:06:12 - INFO - 应用程序启动 - 时间: 2025-05-17 12:06:12
2025-05-17 12:07:31 - INFO - 应用程序关闭 - 时间: 2025-05-17 12:07:31
2025-05-17 12:07:31 - INFO - ============================================================
2025-05-17 12:07:33 - INFO - ============================================================
2025-05-17 12:07:33 - INFO - 应用程序启动 - 时间: 2025-05-17 12:07:33
2025-05-17 12:08:12 - INFO - ============================================================
2025-05-17 12:08:12 - INFO - 应用程序启动 - 时间: 2025-05-17 12:08:12
2025-05-17 12:08:19 - INFO - 应用程序关闭 - 时间: 2025-05-17 12:08:19
2025-05-17 12:08:19 - INFO - ============================================================
2025-05-17 12:08:29 - INFO - ============================================================
2025-05-17 12:08:29 - INFO - 应用程序启动 - 时间: 2025-05-17 12:08:29
2025-05-17 12:09:46 - INFO - 应用程序关闭 - 时间: 2025-05-17 12:09:46
2025-05-17 12:09:46 - INFO - ============================================================
2025-05-17 12:09:48 - INFO - ============================================================
2025-05-17 12:09:48 - INFO - 应用程序启动 - 时间: 2025-05-17 12:09:48
2025-05-17 12:10:20 - INFO - 应用程序关闭 - 时间: 2025-05-17 12:10:20
2025-05-17 12:10:20 - INFO - ============================================================
2025-05-17 12:10:22 - INFO - ============================================================
2025-05-17 12:10:22 - INFO - 应用程序启动 - 时间: 2025-05-17 12:10:22
2025-05-17 12:10:41 - INFO - 应用程序关闭 - 时间: 2025-05-17 12:10:41
2025-05-17 12:10:41 - INFO - ============================================================
2025-05-17 12:11:29 - INFO - ============================================================
2025-05-17 12:11:29 - INFO - 应用程序启动 - 时间: 2025-05-17 12:11:29
2025-05-17 12:11:33 - INFO - 应用程序关闭 - 时间: 2025-05-17 12:11:33
2025-05-17 12:11:33 - INFO - ============================================================
2025-05-17 12:11:37 - INFO - ============================================================
2025-05-17 12:11:37 - INFO - 应用程序启动 - 时间: 2025-05-17 12:11:37
2025-05-17 12:11:44 - INFO - 应用程序关闭 - 时间: 2025-05-17 12:11:44
2025-05-17 12:11:44 - INFO - ============================================================
2025-05-17 12:19:29 - INFO - ============================================================
2025-05-17 12:19:29 - INFO - 应用程序启动 - 时间: 2025-05-17 12:19:29
2025-05-17 12:19:42 - INFO - 应用程序关闭 - 时间: 2025-05-17 12:19:42
2025-05-17 12:19:42 - INFO - ============================================================
2025-05-17 12:22:45 - INFO - ============================================================
2025-05-17 12:22:45 - INFO - 应用程序启动 - 时间: 2025-05-17 12:22:45
2025-05-17 12:22:50 - INFO - 应用程序关闭 - 时间: 2025-05-17 12:22:50
2025-05-17 12:22:50 - INFO - ============================================================
2025-05-17 12:22:54 - INFO - ============================================================
2025-05-17 12:22:54 - INFO - 应用程序启动 - 时间: 2025-05-17 12:22:54
2025-05-17 12:23:00 - INFO - 应用程序关闭 - 时间: 2025-05-17 12:23:00
2025-05-17 12:23:00 - INFO - ============================================================
2025-05-17 12:23:04 - INFO - ============================================================
2025-05-17 12:23:04 - INFO - 应用程序启动 - 时间: 2025-05-17 12:23:04
2025-05-17 12:23:07 - INFO - 应用程序关闭 - 时间: 2025-05-17 12:23:07
2025-05-17 12:23:07 - INFO - ============================================================
2025-05-17 12:23:22 - INFO - ============================================================
2025-05-17 12:23:22 - INFO - 应用程序启动 - 时间: 2025-05-17 12:23:22
2025-05-17 12:23:26 - INFO - 应用程序关闭 - 时间: 2025-05-17 12:23:26
2025-05-17 12:23:26 - INFO - ============================================================
2025-05-17 12:24:12 - INFO - ============================================================
2025-05-17 12:24:12 - INFO - 应用程序启动 - 时间: 2025-05-17 12:24:12
2025-05-17 12:24:27 - INFO - 应用程序关闭 - 时间: 2025-05-17 12:24:27
2025-05-17 12:24:27 - INFO - ============================================================
2025-05-17 12:24:29 - INFO - ============================================================
2025-05-17 12:24:29 - INFO - 应用程序启动 - 时间: 2025-05-17 12:24:29
2025-05-17 12:24:32 - INFO - 应用程序关闭 - 时间: 2025-05-17 12:24:32
2025-05-17 12:24:32 - INFO - ============================================================
2025-05-17 12:25:34 - INFO - ============================================================
2025-05-17 12:25:34 - INFO - 应用程序启动 - 时间: 2025-05-17 12:25:34
2025-05-17 12:25:38 - INFO - 应用程序关闭 - 时间: 2025-05-17 12:25:38
2025-05-17 12:25:38 - INFO - ============================================================
2025-05-17 12:25:50 - INFO - ============================================================
2025-05-17 12:25:50 - INFO - 应用程序启动 - 时间: 2025-05-17 12:25:50
2025-05-17 12:25:55 - INFO - 应用程序关闭 - 时间: 2025-05-17 12:25:55
2025-05-17 12:25:55 - INFO - ============================================================
2025-05-17 12:26:29 - INFO - ============================================================
2025-05-17 12:26:29 - INFO - 应用程序启动 - 时间: 2025-05-17 12:26:29
2025-05-17 12:26:51 - INFO - 应用程序关闭 - 时间: 2025-05-17 12:26:51
2025-05-17 12:26:51 - INFO - ============================================================
2025-05-17 12:27:11 - INFO - ============================================================
2025-05-17 12:27:11 - INFO - 应用程序启动 - 时间: 2025-05-17 12:27:11
2025-05-17 12:27:13 - INFO - 应用程序关闭 - 时间: 2025-05-17 12:27:13
2025-05-17 12:27:13 - INFO - ============================================================
2025-05-17 12:27:18 - INFO - ============================================================
2025-05-17 12:27:18 - INFO - 应用程序启动 - 时间: 2025-05-17 12:27:18
2025-05-17 12:27:20 - INFO - 应用程序关闭 - 时间: 2025-05-17 12:27:20
2025-05-17 12:27:20 - INFO - ============================================================
2025-05-17 12:27:44 - INFO - ============================================================
2025-05-17 12:27:44 - INFO - 应用程序启动 - 时间: 2025-05-17 12:27:44
2025-05-17 12:29:16 - INFO - 应用程序关闭 - 时间: 2025-05-17 12:29:16
2025-05-17 12:29:16 - INFO - ============================================================
2025-05-17 12:30:25 - INFO - ============================================================
2025-05-17 12:30:25 - INFO - 应用程序启动 - 时间: 2025-05-17 12:30:25
2025-05-17 12:30:30 - INFO - 应用程序关闭 - 时间: 2025-05-17 12:30:30
2025-05-17 12:30:30 - INFO - ============================================================
2025-05-17 12:30:45 - INFO - ============================================================
2025-05-17 12:30:45 - INFO - 应用程序启动 - 时间: 2025-05-17 12:30:45
2025-05-17 12:31:26 - INFO - 应用程序关闭 - 时间: 2025-05-17 12:31:26
2025-05-17 12:31:26 - INFO - ============================================================
2025-05-17 12:31:46 - INFO - ============================================================
2025-05-17 12:31:46 - INFO - 应用程序启动 - 时间: 2025-05-17 12:31:46
2025-05-17 12:31:58 - INFO - 应用程序关闭 - 时间: 2025-05-17 12:31:58
2025-05-17 12:31:58 - INFO - ============================================================
2025-05-17 12:32:15 - INFO - ============================================================
2025-05-17 12:32:15 - INFO - 应用程序启动 - 时间: 2025-05-17 12:32:15
2025-05-17 12:36:41 - INFO - 应用程序关闭 - 时间: 2025-05-17 12:36:41
2025-05-17 12:36:41 - INFO - ============================================================
2025-05-17 12:36:43 - INFO - ============================================================
2025-05-17 12:36:43 - INFO - 应用程序启动 - 时间: 2025-05-17 12:36:43
2025-05-17 12:37:00 - INFO - ============================================================
2025-05-17 12:37:00 - INFO - 应用程序启动 - 时间: 2025-05-17 12:37:00
2025-05-17 12:37:05 - INFO - 应用程序关闭 - 时间: 2025-05-17 12:37:05
2025-05-17 12:37:05 - INFO - ============================================================
2025-05-17 12:37:07 - INFO - ============================================================
2025-05-17 12:37:07 - INFO - 应用程序启动 - 时间: 2025-05-17 12:37:07
2025-05-17 12:37:41 - INFO - 应用程序关闭 - 时间: 2025-05-17 12:37:41
2025-05-17 12:37:41 - INFO - ============================================================
2025-05-17 12:37:43 - INFO - ============================================================
2025-05-17 12:37:43 - INFO - 应用程序启动 - 时间: 2025-05-17 12:37:43
2025-05-17 12:37:53 - INFO - ============================================================
2025-05-17 12:37:53 - INFO - 应用程序启动 - 时间: 2025-05-17 12:37:53
2025-05-17 12:38:05 - INFO - ============================================================
2025-05-17 12:38:05 - INFO - 应用程序启动 - 时间: 2025-05-17 12:38:05
2025-05-17 12:38:47 - INFO - ============================================================
2025-05-17 12:38:47 - INFO - 应用程序启动 - 时间: 2025-05-17 12:38:47
2025-05-17 12:39:26 - INFO - 应用程序关闭 - 时间: 2025-05-17 12:39:26
2025-05-17 12:39:26 - INFO - ============================================================
2025-05-17 12:39:46 - INFO - ============================================================
2025-05-17 12:39:46 - INFO - 应用程序启动 - 时间: 2025-05-17 12:39:46
2025-05-17 12:40:00 - INFO - ============================================================
2025-05-17 12:40:00 - INFO - 应用程序启动 - 时间: 2025-05-17 12:40:00
2025-05-17 12:40:13 - INFO - 应用程序关闭 - 时间: 2025-05-17 12:40:13
2025-05-17 12:40:13 - INFO - ============================================================
2025-05-17 12:40:52 - INFO - ============================================================
2025-05-17 12:40:52 - INFO - 应用程序启动 - 时间: 2025-05-17 12:40:52
2025-05-17 12:41:04 - INFO - 应用程序关闭 - 时间: 2025-05-17 12:41:04
2025-05-17 12:41:04 - INFO - ============================================================
2025-05-17 12:41:16 - INFO - ============================================================
2025-05-17 12:41:16 - INFO - 应用程序启动 - 时间: 2025-05-17 12:41:16
2025-05-17 12:41:24 - INFO - 应用程序关闭 - 时间: 2025-05-17 12:41:24
2025-05-17 12:41:24 - INFO - ============================================================
2025-05-17 12:41:44 - INFO - ============================================================
2025-05-17 12:41:44 - INFO - 应用程序启动 - 时间: 2025-05-17 12:41:44
2025-05-17 12:41:50 - INFO - 应用程序关闭 - 时间: 2025-05-17 12:41:50
2025-05-17 12:41:50 - INFO - ============================================================
2025-05-17 12:41:53 - INFO - ============================================================
2025-05-17 12:41:53 - INFO - 应用程序启动 - 时间: 2025-05-17 12:41:53
2025-05-17 12:42:54 - INFO - 应用程序关闭 - 时间: 2025-05-17 12:42:54
2025-05-17 12:42:54 - INFO - ============================================================
2025-05-17 12:43:11 - INFO - ============================================================
2025-05-17 12:43:11 - INFO - 应用程序启动 - 时间: 2025-05-17 12:43:11
2025-05-17 12:43:18 - INFO - ============================================================
2025-05-17 12:43:18 - INFO - 应用程序启动 - 时间: 2025-05-17 12:43:18
2025-05-17 12:43:25 - INFO - 应用程序关闭 - 时间: 2025-05-17 12:43:25
2025-05-17 12:43:25 - INFO - ============================================================
2025-05-17 12:43:44 - INFO - ============================================================
2025-05-17 12:43:44 - INFO - 应用程序启动 - 时间: 2025-05-17 12:43:44
2025-05-17 12:44:10 - INFO - 应用程序关闭 - 时间: 2025-05-17 12:44:10
2025-05-17 12:44:10 - INFO - ============================================================
2025-05-17 12:44:12 - INFO - ============================================================
2025-05-17 12:44:12 - INFO - 应用程序启动 - 时间: 2025-05-17 12:44:12
2025-05-17 12:44:17 - INFO - 调用开始: __main__.extract | 参数: () | 关键字参数: {}
2025-05-17 12:44:17 - INFO - 调用成功: __main__.extract | 返回: False
2025-05-17 12:44:22 - INFO - 调用开始: __main__.extract | 参数: () | 关键字参数: {}
2025-05-17 12:44:22 - ERROR - 调用失败: __main__.extract | 错误: openpyxl does not support the old .xls file format, please use xlrd to read this file, or convert it to the more recent .xlsx file format.
2025-05-17 12:44:25 - INFO - 调用开始: __main__.extract | 参数: () | 关键字参数: {}
2025-05-17 12:44:27 - INFO - 调用成功: __main__.extract | 返回: True
2025-05-17 12:44:53 - INFO - 调用开始: __main__.extract | 参数: () | 关键字参数: {}
2025-05-17 12:44:53 - INFO - 调用成功: __main__.extract | 返回: True
2025-05-17 12:45:00 - INFO - 调用开始: __main__.extract | 参数: () | 关键字参数: {}
2025-05-17 12:45:00 - INFO - 调用成功: __main__.extract | 返回: True
2025-05-17 12:45:00 - INFO - 调用开始: __main__.extract | 参数: () | 关键字参数: {}
2025-05-17 12:45:00 - INFO - 调用成功: __main__.extract | 返回: True
2025-05-17 12:45:00 - INFO - 调用开始: __main__.extract | 参数: () | 关键字参数: {}
2025-05-17 12:45:00 - INFO - 调用成功: __main__.extract | 返回: True
2025-05-17 12:45:00 - INFO - 调用开始: __main__.extract | 参数: () | 关键字参数: {}
2025-05-17 12:45:00 - INFO - 调用成功: __main__.extract | 返回: True
2025-05-17 12:45:00 - INFO - 调用开始: __main__.extract | 参数: () | 关键字参数: {}
2025-05-17 12:45:00 - INFO - 调用成功: __main__.extract | 返回: True
2025-05-17 12:45:11 - INFO - 调用开始: __main__.excel_search | 参数: () | 关键字参数: {}
2025-05-17 12:45:14 - INFO - ============================================================
2025-05-17 12:45:14 - INFO - 应用程序启动 - 时间: 2025-05-17 12:45:14
2025-05-17 12:45:14 - INFO - ============================================================
2025-05-17 12:45:14 - INFO - 应用程序启动 - 时间: 2025-05-17 12:45:14
2025-05-17 12:45:14 - INFO - ============================================================
2025-05-17 12:45:14 - INFO - 应用程序启动 - 时间: 2025-05-17 12:45:14
2025-05-17 12:45:14 - INFO - ============================================================
2025-05-17 12:45:14 - INFO - 应用程序启动 - 时间: 2025-05-17 12:45:14
2025-05-17 12:45:14 - INFO - ============================================================
2025-05-17 12:45:14 - INFO - 应用程序启动 - 时间: 2025-05-17 12:45:14
2025-05-17 12:45:14 - INFO - ============================================================
2025-05-17 12:45:14 - INFO - 应用程序启动 - 时间: 2025-05-17 12:45:14
2025-05-17 12:45:14 - INFO - ============================================================
2025-05-17 12:45:14 - INFO - 应用程序启动 - 时间: 2025-05-17 12:45:14
2025-05-17 12:45:14 - INFO - ============================================================
2025-05-17 12:45:14 - INFO - 应用程序启动 - 时间: 2025-05-17 12:45:14
2025-05-17 12:45:15 - INFO - 应用程序关闭 - 时间: 2025-05-17 12:45:15
2025-05-17 12:45:15 - INFO - ============================================================
2025-05-17 12:45:15 - INFO - 应用程序关闭 - 时间: 2025-05-17 12:45:15
2025-05-17 12:45:15 - INFO - ============================================================
2025-05-17 12:45:15 - INFO - 应用程序关闭 - 时间: 2025-05-17 12:45:15
2025-05-17 12:45:15 - INFO - ============================================================
2025-05-17 12:45:15 - INFO - 应用程序关闭 - 时间: 2025-05-17 12:45:15
2025-05-17 12:45:15 - INFO - ============================================================
2025-05-17 12:45:15 - INFO - 应用程序关闭 - 时间: 2025-05-17 12:45:15
2025-05-17 12:45:15 - INFO - ============================================================
2025-05-17 12:45:15 - INFO - 应用程序关闭 - 时间: 2025-05-17 12:45:15
2025-05-17 12:45:15 - INFO - ============================================================
2025-05-17 12:45:15 - INFO - 应用程序关闭 - 时间: 2025-05-17 12:45:15
2025-05-17 12:45:15 - INFO - ============================================================
2025-05-17 12:45:15 - INFO - 应用程序关闭 - 时间: 2025-05-17 12:45:15
2025-05-17 12:45:15 - INFO - ============================================================
2025-05-17 12:45:17 - INFO - ============================================================
2025-05-17 12:45:17 - INFO - 应用程序启动 - 时间: 2025-05-17 12:45:17
2025-05-17 12:45:17 - INFO - ============================================================
2025-05-17 12:45:17 - INFO - 应用程序启动 - 时间: 2025-05-17 12:45:17
2025-05-17 12:45:17 - INFO - ============================================================
2025-05-17 12:45:17 - INFO - 应用程序启动 - 时间: 2025-05-17 12:45:17
2025-05-17 12:45:17 - INFO - ============================================================
2025-05-17 12:45:17 - INFO - 应用程序启动 - 时间: 2025-05-17 12:45:17
2025-05-17 12:45:17 - INFO - ============================================================
2025-05-17 12:45:17 - INFO - 应用程序启动 - 时间: 2025-05-17 12:45:17
2025-05-17 12:45:17 - INFO - ============================================================
2025-05-17 12:45:17 - INFO - 应用程序启动 - 时间: 2025-05-17 12:45:17
2025-05-17 12:45:17 - INFO - ============================================================
2025-05-17 12:45:17 - INFO - 应用程序启动 - 时间: 2025-05-17 12:45:17
2025-05-17 12:45:17 - INFO - ============================================================
2025-05-17 12:45:17 - INFO - 应用程序启动 - 时间: 2025-05-17 12:45:17
2025-05-17 12:45:18 - INFO - 应用程序关闭 - 时间: 2025-05-17 12:45:18
2025-05-17 12:45:18 - INFO - ============================================================
2025-05-17 12:45:18 - INFO - 应用程序关闭 - 时间: 2025-05-17 12:45:18
2025-05-17 12:45:18 - INFO - 应用程序关闭 - 时间: 2025-05-17 12:45:18
2025-05-17 12:45:18 - INFO - 应用程序关闭 - 时间: 2025-05-17 12:45:18
2025-05-17 12:45:18 - INFO - ============================================================
2025-05-17 12:45:18 - INFO - ============================================================
2025-05-17 12:45:18 - INFO - 应用程序关闭 - 时间: 2025-05-17 12:45:18
2025-05-17 12:45:18 - INFO - ============================================================
2025-05-17 12:45:18 - INFO - ============================================================
2:45:18 - INFO - ============================================================
2025-05-17 12:45:18 - INFO - 应用程序关闭 - 时间: 2025-05-17 12:45:18
2025-05-17 12:45:18 - INFO - 应用程序关闭 - 时间: 2025-05-17 12:45:18
2025-05-17 12:45:18 - INFO - ============================================================
2025-05-17 12:45:20 - INFO - ============================================================
2025-05-17 12:45:20 - INFO - 应用程序启动 - 时间: 2025-05-17 12:45:20
2025-05-17 12:45:20 - INFO - ============================================================
2025-05-17 12:45:20 - INFO - 应用程序启动 - 时间: 2025-05-17 12:45:20
2025-05-17 12:45:20 - INFO - ============================================================
2025-05-17 12:45:20 - INFO - 应用程序启动 - 时间: 2025-05-17 12:45:20
2025-05-17 12:45:20 - INFO - ============================================================
2025-05-17 12:45:20 - INFO - 应用程序启动 - 时间: 2025-05-17 12:45:20
2025-05-17 12:45:20 - INFO - ============================================================
2025-05-17 12:45:20 - INFO - 应用程序启动 - 时间: 2025-05-17 12:45:20
2025-05-17 12:45:20 - INFO - ============================================================
2025-05-17 12:45:20 - INFO - 应用程序启动 - 时间: 2025-05-17 12:45:20
2025-05-17 12:45:20 - INFO - ============================================================
2025-05-17 12:45:20 - INFO - 应用程序启动 - 时间: 2025-05-17 12:45:20
2025-05-17 12:45:20 - INFO - ============================================================
2025-05-17 12:45:20 - INFO - 应用程序启动 - 时间: 2025-05-17 12:45:20
2025-05-17 12:45:20 - INFO - 应用程序关闭 - 时间: 2025-05-17 12:45:20
2025-05-17 12:45:20 - INFO - ============================================================
2025-05-17 12:45:20 - INFO - 应用程序关闭 - 时间: 2025-05-17 12:45:20
2025-05-17 12:45:20 - INFO - 应用程序关闭 - 时间: 2025-05-17 12:45:20
2025-05-17 12:45:20 - INFO - ============================================================
2025-05-17 12:45:20 - INFO - 应用程序关闭 - 时间: 2025-05-17 12:45:20
2025-05-17 12:45:20 - INFO - ============================================================
2025-05-17 12:45:20 - INFO - ============================================================
2025-05-17 12:45:20 - INFO - ============================================================
2025-05-17 12:45:20 - INFO - ============================================================
2025-05-17 12:45:20 - INFO - 应用程序关闭 - 时间: 2025-05-17 12:45:20
2025-05-17 12:45:20 - INFO - ============================================================
2025-05-17 12:45:23 - INFO - ============================================================
2025-05-17 12:45:23 - INFO - 应用程序启动 - 时间: 2025-05-17 12:45:23
2025-05-17 12:45:23 - INFO - ============================================================
2025-05-17 12:45:23 - INFO - 应用程序启动 - 时间: 2025-05-17 12:45:23
2025-05-17 12:45:23 - INFO - ============================================================
2025-05-17 12:45:23 - INFO - 应用程序启动 - 时间: 2025-05-17 12:45:23
2025-05-17 12:45:23 - INFO - ============================================================
2025-05-17 12:45:23 - INFO - 应用程序启动 - 时间: 2025-05-17 12:45:23
2025-05-17 12:45:23 - INFO - ============================================================
2025-05-17 12:45:23 - INFO - 应用程序启动 - 时间: 2025-05-17 12:45:23
2025-05-17 12:45:23 - INFO - ============================================================
2025-05-17 12:45:23 - INFO - 应用程序启动 - 时间: 2025-05-17 12:45:23
2025-05-17 12:45:23 - INFO - ============================================================
2025-05-17 12:45:23 - INFO - 应用程序启动 - 时间: 2025-05-17 12:45:23
2025-05-17 12:45:23 - INFO - ============================================================
2025-05-17 12:45:23 - INFO - 应用程序启动 - 时间: 2025-05-17 12:45:23
2025-05-17 12:45:23 - INFO - 应用程序关闭 - 时间: 2025-05-17 12:45:23
2025-05-17 12:45:23 - INFO - ============================================================
2025-05-17 12:45:23 - INFO - 应用程序关闭 - 时间: 2025-05-17 12:45:23
2025-05-17 12:45:23 - INFO - ============================================================
2025-05-17 12:45:23 - INFO - 应用程序关闭 - 时间: 2025-05-17 12:45:23
2025-05-17 12:45:23 - INFO - 应用程序关闭 - 时间: 2025-05-17 12:45:23
2025-05-17 12:45:23 - INFO - ============================================================
2025-05-17 12:45:23 - INFO - ============================================================
2025-05-17 12:45:23 - INFO - 应用程序关闭 - 时间: 2025-05-17 12:45:23
2025-05-17 12:45:23 - INFO - 应用程序关闭 - 时间: 2025-05-17 12:45:23
2025-05-17 12:45:23 - INFO - ============================================================
2025-05-17 12:45:23 - INFO - ============================================================
2025-05-17 12:45:23 - INFO - 应用程序关闭 - 时间: 2025-05-17 12:45:23
2025-05-17 12:45:23 - INFO - ============================================================
2025-05-17 12:45:32 - INFO - 调用成功: __main__.excel_search | 返回: None
2025-05-17 12:45:46 - INFO - 调用开始: __main__.insert | 参数: () | 关键字参数: {}
2025-05-17 12:45:46 - ERROR - 调用失败: __main__.insert | 错误: string index out of range
2025-05-17 12:45:49 - INFO - 调用开始: __main__.move_key | 参数: () | 关键字参数: {}
2025-05-17 12:45:50 - ERROR - 调用失败: __main__.move_key | 错误: string index out of range
2025-05-17 12:45:57 - INFO - 应用程序关闭 - 时间: 2025-05-17 12:45:57
2025-05-17 12:45:57 - INFO - ============================================================
2025-05-17 12:46:09 - INFO - ============================================================
2025-05-17 12:46:09 - INFO - 应用程序启动 - 时间: 2025-05-17 12:46:09
2025-05-17 12:47:03 - INFO - 应用程序关闭 - 时间: 2025-05-17 12:47:03
2025-05-17 12:47:03 - INFO - ============================================================
2025-05-17 12:47:32 - INFO - ============================================================
2025-05-17 12:47:32 - INFO - 应用程序启动 - 时间: 2025-05-17 12:47:32
2025-05-17 12:47:35 - INFO - 应用程序关闭 - 时间: 2025-05-17 12:47:35
2025-05-17 12:47:35 - INFO - ============================================================
2025-05-17 12:47:40 - INFO - ============================================================
2025-05-17 12:47:40 - INFO - 应用程序启动 - 时间: 2025-05-17 12:47:40
2025-05-17 12:47:45 - INFO - 应用程序关闭 - 时间: 2025-05-17 12:47:45
2025-05-17 12:47:45 - INFO - ============================================================
2025-05-17 12:48:47 - INFO - ============================================================
2025-05-17 12:48:47 - INFO - 应用程序启动 - 时间: 2025-05-17 12:48:47
2025-05-17 12:49:02 - INFO - 应用程序关闭 - 时间: 2025-05-17 12:49:02
2025-05-17 12:49:02 - INFO - ============================================================
2025-05-17 12:50:21 - INFO - ============================================================
2025-05-17 12:50:21 - INFO - 应用程序启动 - 时间: 2025-05-17 12:50:21
2025-05-17 12:50:50 - INFO - 应用程序关闭 - 时间: 2025-05-17 12:50:50
2025-05-17 12:50:50 - INFO - ============================================================
2025-05-17 13:44:25 - INFO - ============================================================
2025-05-17 13:44:25 - INFO - 应用程序启动 - 时间: 2025-05-17 13:44:25
2025-05-17 13:44:35 - INFO - 应用程序关闭 - 时间: 2025-05-17 13:44:35
2025-05-17 13:44:35 - INFO - ============================================================
2025-05-17 13:44:45 - INFO - ============================================================
2025-05-17 13:44:45 - INFO - 应用程序启动 - 时间: 2025-05-17 13:44:45
2025-05-17 13:46:18 - INFO - 应用程序关闭 - 时间: 2025-05-17 13:46:18
2025-05-17 13:46:18 - INFO - ============================================================
2025-05-17 13:46:55 - INFO - ============================================================
2025-05-17 13:46:55 - INFO - 应用程序启动 - 时间: 2025-05-17 13:46:55
2025-05-17 13:47:04 - INFO - 应用程序关闭 - 时间: 2025-05-17 13:47:04
2025-05-17 13:47:04 - INFO - ============================================================
2025-05-17 13:47:06 - INFO - ============================================================
2025-05-17 13:47:06 - INFO - 应用程序启动 - 时间: 2025-05-17 13:47:06
2025-05-17 13:47:23 - INFO - 应用程序关闭 - 时间: 2025-05-17 13:47:23
2025-05-17 13:47:23 - INFO - ============================================================
2025-05-17 13:48:02 - INFO - ============================================================
2025-05-17 13:48:02 - INFO - 应用程序启动 - 时间: 2025-05-17 13:48:02
2025-05-17 13:48:06 - INFO - 应用程序关闭 - 时间: 2025-05-17 13:48:06
2025-05-17 13:48:06 - INFO - ============================================================
2025-05-17 13:48:10 - INFO - ============================================================
2025-05-17 13:48:10 - INFO - 应用程序启动 - 时间: 2025-05-17 13:48:10
2025-05-17 13:48:12 - INFO - 应用程序关闭 - 时间: 2025-05-17 13:48:12
2025-05-17 13:48:12 - INFO - ============================================================
2025-05-17 13:48:20 - INFO - ============================================================
2025-05-17 13:48:20 - INFO - 应用程序启动 - 时间: 2025-05-17 13:48:20
2025-05-17 13:48:27 - INFO - 应用程序关闭 - 时间: 2025-05-17 13:48:27
2025-05-17 13:48:27 - INFO - ============================================================
2025-05-17 13:48:34 - INFO - ============================================================
2025-05-17 13:48:34 - INFO - 应用程序启动 - 时间: 2025-05-17 13:48:34
2025-05-17 13:53:30 - INFO - 应用程序关闭 - 时间: 2025-05-17 13:53:30
2025-05-17 13:53:30 - INFO - ============================================================
2025-05-17 13:53:32 - INFO - ============================================================
2025-05-17 13:53:32 - INFO - 应用程序启动 - 时间: 2025-05-17 13:53:32
2025-05-17 13:53:41 - INFO - 应用程序关闭 - 时间: 2025-05-17 13:53:41
2025-05-17 13:53:41 - INFO - ============================================================
2025-05-17 13:53:44 - INFO - ============================================================
2025-05-17 13:53:44 - INFO - 应用程序启动 - 时间: 2025-05-17 13:53:44
2025-05-17 13:53:49 - INFO - 调用开始: __main__.extract | 参数: () | 关键字参数: {}
2025-05-17 13:53:49 - ERROR - 调用失败: __main__.extract | 错误: openpyxl does not support the old .xls file format, please use xlrd to read this file, or convert it to the more recent .xlsx file format.
2025-05-17 13:54:11 - INFO - 应用程序关闭 - 时间: 2025-05-17 13:54:11
2025-05-17 13:54:11 - INFO - ============================================================
2025-05-17 13:54:19 - INFO - ============================================================
2025-05-17 13:54:19 - INFO - 应用程序启动 - 时间: 2025-05-17 13:54:19
2025-05-17 13:54:31 - INFO - ============================================================
2025-05-17 13:54:31 - INFO - 应用程序启动 - 时间: 2025-05-17 13:54:31
2025-05-17 13:54:41 - INFO - ============================================================
2025-05-17 13:54:41 - INFO - 应用程序启动 - 时间: 2025-05-17 13:54:41
2025-05-17 13:55:06 - INFO - ============================================================
2025-05-17 13:55:06 - INFO - 应用程序启动 - 时间: 2025-05-17 13:55:06
2025-05-17 13:55:33 - INFO - 应用程序关闭 - 时间: 2025-05-17 13:55:33
2025-05-17 13:55:33 - INFO - ============================================================
2025-05-17 13:55:39 - INFO - ============================================================
2025-05-17 13:55:39 - INFO - 应用程序启动 - 时间: 2025-05-17 13:55:39
2025-05-17 13:55:46 - INFO - 应用程序关闭 - 时间: 2025-05-17 13:55:46
2025-05-17 13:55:46 - INFO - ============================================================
2025-05-17 13:55:49 - INFO - ============================================================
2025-05-17 13:55:49 - INFO - 应用程序启动 - 时间: 2025-05-17 13:55:49
2025-05-17 13:56:19 - INFO - ============================================================
2025-05-17 13:56:19 - INFO - 应用程序启动 - 时间: 2025-05-17 13:56:19
2025-05-17 13:57:05 - INFO - ============================================================
2025-05-17 13:57:05 - INFO - 应用程序启动 - 时间: 2025-05-17 13:57:05
2025-05-17 13:57:30 - INFO - ============================================================
2025-05-17 13:57:30 - INFO - 应用程序启动 - 时间: 2025-05-17 13:57:30
2025-05-17 13:57:36 - INFO - 应用程序关闭 - 时间: 2025-05-17 13:57:36
2025-05-17 13:57:36 - INFO - ============================================================
2025-05-17 13:57:39 - INFO - ============================================================
2025-05-17 13:57:39 - INFO - 应用程序启动 - 时间: 2025-05-17 13:57:39
2025-05-17 13:58:39 - INFO - 应用程序关闭 - 时间: 2025-05-17 13:58:39
2025-05-17 13:58:39 - INFO - ============================================================
2025-05-17 13:58:40 - INFO - ============================================================
2025-05-17 13:58:40 - INFO - 应用程序启动 - 时间: 2025-05-17 13:58:40
2025-05-17 13:58:51 - INFO - ============================================================
2025-05-17 13:58:51 - INFO - 应用程序启动 - 时间: 2025-05-17 13:58:51
2025-05-17 13:58:59 - INFO - ============================================================
2025-05-17 13:58:59 - INFO - 应用程序启动 - 时间: 2025-05-17 13:58:59
2025-05-17 13:59:07 - INFO - ============================================================
2025-05-17 13:59:07 - INFO - 应用程序启动 - 时间: 2025-05-17 13:59:07
2025-05-17 13:59:18 - INFO - ============================================================
2025-05-17 13:59:18 - INFO - 应用程序启动 - 时间: 2025-05-17 13:59:18
2025-05-17 13:59:58 - INFO - 应用程序关闭 - 时间: 2025-05-17 13:59:58
2025-05-17 13:59:58 - INFO - ============================================================
2025-05-17 14:00:19 - INFO - ============================================================
2025-05-17 14:00:19 - INFO - 应用程序启动 - 时间: 2025-05-17 14:00:19
2025-05-17 14:00:32 - INFO - 应用程序关闭 - 时间: 2025-05-17 14:00:32
2025-05-17 14:00:32 - INFO - ============================================================
2025-05-17 14:00:34 - INFO - ============================================================
2025-05-17 14:00:34 - INFO - 应用程序启动 - 时间: 2025-05-17 14:00:34
2025-05-17 14:00:45 - INFO - ============================================================
2025-05-17 14:00:45 - INFO - 应用程序启动 - 时间: 2025-05-17 14:00:45
2025-05-17 14:01:25 - INFO - ============================================================
2025-05-17 14:01:25 - INFO - 应用程序启动 - 时间: 2025-05-17 14:01:25
2025-05-17 14:01:54 - INFO - ============================================================
2025-05-17 14:01:54 - INFO - 应用程序启动 - 时间: 2025-05-17 14:01:54
2025-05-17 14:02:50 - INFO - ============================================================
2025-05-17 14:02:50 - INFO - 应用程序启动 - 时间: 2025-05-17 14:02:50
2025-05-17 14:04:35 - INFO - ============================================================
2025-05-17 14:04:35 - INFO - 应用程序启动 - 时间: 2025-05-17 14:04:35
2025-05-17 14:04:48 - INFO - 应用程序关闭 - 时间: 2025-05-17 14:04:48
2025-05-17 14:04:48 - INFO - ============================================================
2025-05-17 14:04:50 - INFO - ============================================================
2025-05-17 14:04:50 - INFO - 应用程序启动 - 时间: 2025-05-17 14:04:50
2025-05-17 14:04:54 - INFO - 应用程序关闭 - 时间: 2025-05-17 14:04:54
2025-05-17 14:04:54 - INFO - ============================================================
2025-05-17 14:05:23 - INFO - ============================================================
2025-05-17 14:05:23 - INFO - 应用程序启动 - 时间: 2025-05-17 14:05:23
2025-05-17 14:05:28 - INFO - 应用程序关闭 - 时间: 2025-05-17 14:05:28
2025-05-17 14:05:28 - INFO - ============================================================
2025-05-17 14:05:32 - INFO - ============================================================
2025-05-17 14:05:32 - INFO - 应用程序启动 - 时间: 2025-05-17 14:05:32
2025-05-17 14:07:18 - INFO - 应用程序关闭 - 时间: 2025-05-17 14:07:18
2025-05-17 14:07:18 - INFO - ============================================================
2025-05-17 14:07:42 - INFO - ============================================================
2025-05-17 14:07:42 - INFO - 应用程序启动 - 时间: 2025-05-17 14:07:42
2025-05-17 14:08:00 - INFO - 应用程序关闭 - 时间: 2025-05-17 14:08:00
2025-05-17 14:08:00 - INFO - ============================================================
2025-05-17 14:08:02 - INFO - ============================================================
2025-05-17 14:08:02 - INFO - 应用程序启动 - 时间: 2025-05-17 14:08:02
2025-05-17 14:08:17 - INFO - ============================================================
2025-05-17 14:08:17 - INFO - 应用程序启动 - 时间: 2025-05-17 14:08:17
2025-05-17 14:08:20 - INFO - 应用程序关闭 - 时间: 2025-05-17 14:08:20
2025-05-17 14:08:20 - INFO - ============================================================
2025-05-17 14:08:22 - INFO - ============================================================
2025-05-17 14:08:22 - INFO - 应用程序启动 - 时间: 2025-05-17 14:08:22
2025-05-17 14:08:40 - INFO - 应用程序关闭 - 时间: 2025-05-17 14:08:40
2025-05-17 14:08:40 - INFO - ============================================================
2025-05-17 14:08:42 - INFO - ============================================================
2025-05-17 14:08:42 - INFO - 应用程序启动 - 时间: 2025-05-17 14:08:42
2025-05-17 14:09:34 - INFO - 调用开始: __main__.extract | 参数: () | 关键字参数: {}
2025-05-17 14:09:34 - ERROR - 调用失败: __main__.extract | 错误: openpyxl does not support the old .xls file format, please use xlrd to read this file, or convert it to the more recent .xlsx file format.
2025-05-17 14:09:45 - INFO - 调用开始: __main__.extract | 参数: () | 关键字参数: {}
2025-05-17 14:09:45 - INFO - 调用成功: __main__.extract | 返回: True
2025-05-17 14:09:48 - INFO - 调用开始: __main__.search | 参数: () | 关键字参数: {}
2025-05-17 14:10:18 - INFO - 调用成功: __main__.search | 返回: False
2025-05-17 14:11:23 - INFO - 调用开始: __main__.search | 参数: () | 关键字参数: {}
2025-05-17 14:11:28 - INFO - 调用成功: __main__.search | 返回: True
2025-05-17 14:11:30 - INFO - 调用开始: __main__.insert | 参数: () | 关键字参数: {}
2025-05-17 14:11:30 - ERROR - 调用失败: __main__.insert | 错误: string index out of range
2025-05-17 14:11:42 - INFO - 调用开始: __main__.insert | 参数: () | 关键字参数: {}
2025-05-17 14:11:48 - INFO - 调用成功: __main__.insert | 返回: None
2025-05-17 14:12:53 - INFO - 应用程序关闭 - 时间: 2025-05-17 14:12:53
2025-05-17 14:12:53 - INFO - ============================================================
2025-05-17 14:13:20 - INFO - ============================================================
2025-05-17 14:13:20 - INFO - 应用程序启动 - 时间: 2025-05-17 14:13:20
2025-05-17 14:13:39 - INFO - 应用程序关闭 - 时间: 2025-05-17 14:13:39
2025-05-17 14:13:39 - INFO - ============================================================
2025-05-17 16:01:55 - INFO - ============================================================
2025-05-17 16:01:55 - INFO - 应用程序启动 - 时间: 2025-05-17 16:01:55
2025-05-17 16:02:17 - INFO - 应用程序关闭 - 时间: 2025-05-17 16:02:17
2025-05-17 16:02:17 - INFO - ============================================================
2025-05-17 16:02:27 - INFO - ============================================================
2025-05-17 16:02:27 - INFO - 应用程序启动 - 时间: 2025-05-17 16:02:27
2025-05-17 16:03:01 - INFO - 应用程序关闭 - 时间: 2025-05-17 16:03:01
2025-05-17 16:03:01 - INFO - ============================================================
2025-05-17 16:03:46 - INFO - ============================================================
2025-05-17 16:03:46 - INFO - 应用程序启动 - 时间: 2025-05-17 16:03:46
2025-05-17 16:04:06 - INFO - 应用程序关闭 - 时间: 2025-05-17 16:04:06
2025-05-17 16:04:06 - INFO - ============================================================
2025-05-17 16:04:53 - INFO - ============================================================
2025-05-17 16:04:53 - INFO - 应用程序启动 - 时间: 2025-05-17 16:04:53
2025-05-17 16:05:34 - INFO - 应用程序关闭 - 时间: 2025-05-17 16:05:34
2025-05-17 16:05:34 - INFO - ============================================================
2025-05-17 16:05:35 - INFO - ============================================================
2025-05-17 16:05:35 - INFO - 应用程序启动 - 时间: 2025-05-17 16:05:35
2025-05-17 16:05:41 - INFO - 应用程序关闭 - 时间: 2025-05-17 16:05:41
2025-05-17 16:05:41 - INFO - ============================================================
2025-05-17 16:05:50 - INFO - ============================================================
2025-05-17 16:05:50 - INFO - 应用程序启动 - 时间: 2025-05-17 16:05:50
2025-05-17 16:06:05 - INFO - 应用程序关闭 - 时间: 2025-05-17 16:06:05
2025-05-17 16:06:05 - INFO - ============================================================
2025-05-17 16:06:07 - INFO - ============================================================
2025-05-17 16:06:07 - INFO - 应用程序启动 - 时间: 2025-05-17 16:06:07
2025-05-17 16:06:20 - INFO - 应用程序关闭 - 时间: 2025-05-17 16:06:20
2025-05-17 16:06:20 - INFO - ============================================================
2025-05-17 16:06:41 - INFO - ============================================================
2025-05-17 16:06:41 - INFO - 应用程序启动 - 时间: 2025-05-17 16:06:41
2025-05-17 16:07:48 - INFO - 调用开始: __main__.excel_search | 参数: () | 关键字参数: {}
2025-05-17 16:07:49 - INFO - 调用成功: __main__.excel_search | 返回: None
2025-05-17 16:07:51 - INFO - 调用开始: __main__.excel_search | 参数: () | 关键字参数: {}
2025-05-17 16:07:52 - INFO - 调用成功: __main__.excel_search | 返回: None
2025-05-17 16:07:57 - INFO - 调用开始: __main__.excel_search | 参数: () | 关键字参数: {}
2025-05-17 16:07:58 - INFO - 调用成功: __main__.excel_search | 返回: None
2025-05-17 16:09:58 - INFO - 应用程序关闭 - 时间: 2025-05-17 16:09:58
2025-05-17 16:09:58 - INFO - ============================================================
2025-05-17 16:10:00 - INFO - ============================================================
2025-05-17 16:10:00 - INFO - 应用程序启动 - 时间: 2025-05-17 16:10:00
2025-05-17 16:10:20 - INFO - ============================================================
2025-05-17 16:10:20 - INFO - 应用程序启动 - 时间: 2025-05-17 16:10:20
2025-05-17 16:12:00 - INFO - 调用开始: __main__.extract | 参数: () | 关键字参数: {}
2025-05-17 16:12:00 - INFO - 调用成功: __main__.extract | 返回: True
2025-05-17 16:12:00 - INFO - 调用开始: __main__.extract | 参数: () | 关键字参数: {}
2025-05-17 16:12:00 - INFO - 调用成功: __main__.extract | 返回: True
2025-05-17 16:12:00 - INFO - 调用开始: __main__.extract | 参数: () | 关键字参数: {}
2025-05-17 16:12:00 - INFO - 调用成功: __main__.extract | 返回: True
2025-05-17 16:12:00 - INFO - 调用开始: __main__.extract | 参数: () | 关键字参数: {}
2025-05-17 16:12:00 - INFO - 调用成功: __main__.extract | 返回: True
2025-05-17 16:12:01 - INFO - 调用开始: __main__.extract | 参数: () | 关键字参数: {}
2025-05-17 16:12:01 - INFO - 调用成功: __main__.extract | 返回: True
2025-05-17 16:12:03 - INFO - 调用开始: __main__.excel_search | 参数: () | 关键字参数: {}
2025-05-17 16:12:04 - INFO - ============================================================
2025-05-17 16:12:04 - INFO - 应用程序启动 - 时间: 2025-05-17 16:12:04
2025-05-17 16:12:04 - INFO - ============================================================
2025-05-17 16:12:04 - INFO - 应用程序启动 - 时间: 2025-05-17 16:12:04
2025-05-17 16:12:04 - INFO - ============================================================
2025-05-17 16:12:04 - INFO - 应用程序启动 - 时间: 2025-05-17 16:12:04
2025-05-17 16:12:04 - INFO - ============================================================
2025-05-17 16:12:04 - INFO - 应用程序启动 - 时间: 2025-05-17 16:12:04
2025-05-17 16:12:04 - INFO - ============================================================
2025-05-17 16:12:04 - INFO - 应用程序启动 - 时间: 2025-05-17 16:12:04
2025-05-17 16:12:04 - INFO - ============================================================
2025-05-17 16:12:04 - INFO - 应用程序启动 - 时间: 2025-05-17 16:12:04
2025-05-17 16:12:04 - INFO - ============================================================
2025-05-17 16:12:04 - INFO - 应用程序启动 - 时间: 2025-05-17 16:12:04
2025-05-17 16:12:04 - INFO - ============================================================
2025-05-17 16:12:04 - INFO - 应用程序启动 - 时间: 2025-05-17 16:12:04
2025-05-17 16:12:04 - INFO - 应用程序关闭 - 时间: 2025-05-17 16:12:04
2025-05-17 16:12:04 - INFO - ============================================================
2025-05-17 16:12:04 - INFO - 应用程序关闭 - 时间: 2025-05-17 16:12:04
2025-05-17 16:12:04 - INFO - 应用程序关闭 - 时间: 2025-05-17 16:12:04
2025-05-17 16:12:04 - INFO - ============================================================
2025-05-17 16:12:04 - INFO - ============================================================
2025-05-17 16:12:04 - INFO - 应用程序关闭 - 时间: 2025-05-17 16:12:04
2025-05-17 16:12:04 - INFO - 应用程序关闭 - 时间: 2025-05-17 16:12:04
2025-05-17 16:12:04 - INFO - 应用程序关闭 - 时间: 2025-05-17 16:12:04
2025-05-17 16:12:04 - INFO - ============================================================
2025-05-17 16:12:06 - INFO - ============================================================
2025-05-17 16:12:06 - INFO - 应用程序启动 - 时间: 2025-05-17 16:12:06
2025-05-17 16:12:06 - INFO - ============================================================
2025-05-17 16:12:06 - INFO - 应用程序启动 - 时间: 2025-05-17 16:12:06
2025-05-17 16:12:06 - INFO - 应用程序启动 - 时间: 2025-05-17 16:12:06
2025-05-17 16:12:06 - INFO - 应用程序关闭 - 时间: 2025-05-17 16:12:06
2025-05-17 16:12:06 - INFO - ============================================================
2025-05-17 16:12:08 - INFO - ============================================================
2025-05-17 16:12:08 - INFO - 应用程序启动 - 时间: 2025-05-17 16:12:08
2025-05-17 16:12:08 - INFO - ============================================================
2025-05-17 16:12:08 - INFO - 应用程序启动 - 时间: 2025-05-17 16:12:08
2025-05-17 16:12:08 - INFO - ============================================================
2025-05-17 16:12:08 - INFO - 应用程序启动 - 时间: 2025-05-17 16:12:08
2025-05-17 16:12:08 - INFO - ============================================================
2025-05-17 16:12:08 - INFO - 应用程序启动 - 时间: 2025-05-17 16:12:08
2025-05-17 16:12:08 - INFO - 应用程序关闭 - 时间: 2025-05-17 16:12:08
2025-05-17 16:12:09 - INFO - ============================================================
2025-05-17 16:12:09 - INFO - 应用程序启动 - 时间: 2025-05-17 16:12:09
2025-05-17 16:12:09 - INFO - ============================================================
2025-05-17 16:12:09 - INFO - 应用程序启动 - 时间: 2025-05-17 16:12:09
2025-05-17 16:12:09 - INFO - 应用程序关闭 - 时间: 2025-05-17 16:12:09
2025-05-17 16:12:09 - INFO - ============================================================
2025-05-17 16:12:09 - INFO - 应用程序关闭 - 时间: 2025-05-17 16:12:09
2025-05-17 16:12:09 - INFO - ============================================================
2025-05-17 16:12:11 - INFO - 调用成功: __main__.excel_search | 返回: None
2025-05-17 16:12:12 - INFO - 调用开始: __main__.excel_search | 参数: () | 关键字参数: {}
2025-05-17 16:12:13 - INFO - ============================================================
2025-05-17 16:12:13 - INFO - 应用程序启动 - 时间: 2025-05-17 16:12:13
2025-05-17 16:12:13 - INFO - 应用程序关闭 - 时间: 2025-05-17 16:12:13
2025-05-17 16:12:13 - INFO - ============================================================
2025-05-17 16:12:15 - INFO - ============================================================
2025-05-17 16:12:15 - INFO - 应用程序启动 - 时间: 2025-05-17 16:12:15
2025-05-17 16:12:15 - INFO - 应用程序关闭 - 时间: 2025-05-17 16:12:15
2025-05-17 16:12:15 - INFO - ============================================================
2025-05-17 16:12:16 - INFO - ============================================================
2025-05-17 16:12:16 - INFO - 应用程序启动 - 时间: 2025-05-17 16:12:16
2025-05-17 16:12:16 - INFO - ============================================================
2025-05-17 16:12:16 - INFO - 应用程序启动 - 时间: 2025-05-17 16:12:16
2025-05-17 16:12:16 - INFO - ============================================================
2025-05-17 16:12:16 - INFO - 应用程序启动 - 时间: 2025-05-17 16:12:16
2025-05-17 16:12:16 - INFO - ============================================================
2025-05-17 16:12:16 - INFO - 应用程序启动 - 时间: 2025-05-17 16:12:16
2025-05-17 16:12:16 - INFO - 应用程序关闭 - 时间: 2025-05-17 16:12:16
2025-05-17 16:12:16 - INFO - 应用程序关闭 - 时间: 2025-05-17 16:12:16
==========
2025-05-17 16:12:16 - INFO - ============================================================
2025-05-17 16:12:16 - INFO - 应用程序关闭 - 时间: 2025-05-17 16:12:16
2025-05-17 16:12:16 - INFO - ============================================================
2025-05-17 16:12:18 - INFO - ============================================================
2025-05-17 16:12:18 - INFO - 应用程序启动 - 时间: 2025-05-17 16:12:18
2025-05-17 16:12:18 - INFO - ============================================================
2025-05-17 16:12:18 - INFO - 应用程序启动 - 时间: 2025-05-17 16:12:18
2025-05-17 16:12:18 - INFO - 应用程序关闭 - 时间: 2025-05-17 16:12:18
2025-05-17 16:12:18 - INFO - ============================================================
2025-05-17 16:12:19 - INFO - 调用成功: __main__.excel_search | 返回: None
2025-05-17 16:12:23 - INFO - 调用开始: __main__.insert | 参数: () | 关键字参数: {}
2025-05-17 16:12:24 - INFO - 调用成功: __main__.insert | 返回: None
2025-05-17 16:13:38 - INFO - 应用程序关闭 - 时间: 2025-05-17 16:13:38
2025-05-17 16:13:38 - INFO - ============================================================
2025-05-17 16:13:40 - INFO - ============================================================
2025-05-17 16:13:40 - INFO - 应用程序启动 - 时间: 2025-05-17 16:13:40
2025-05-17 16:14:56 - INFO - 应用程序关闭 - 时间: 2025-05-17 16:14:56
2025-05-17 16:14:56 - INFO - ============================================================
2025-05-17 16:15:54 - INFO - ============================================================
2025-05-17 16:15:54 - INFO - 应用程序启动 - 时间: 2025-05-17 16:15:54
2025-05-17 16:16:12 - INFO - 应用程序关闭 - 时间: 2025-05-17 16:16:12
2025-05-17 16:16:12 - INFO - ============================================================
2025-05-17 16:17:13 - INFO - ============================================================
2025-05-17 16:17:13 - INFO - 应用程序启动 - 时间: 2025-05-17 16:17:13
2025-05-17 16:18:39 - INFO - 应用程序关闭 - 时间: 2025-05-17 16:18:39
2025-05-17 16:18:39 - INFO - ============================================================
2025-05-21 23:27:30 - INFO - ============================================================
2025-05-21 23:27:30 - INFO - 应用程序启动 - 时间: 2025-05-21 23:27:30
2025-05-21 23:27:36 - INFO - 应用程序关闭 - 时间: 2025-05-21 23:27:36
2025-05-21 23:27:36 - INFO - ============================================================
2025-05-25 17:28:30 - INFO - ============================================================
2025-05-25 17:28:30 - INFO - 应用程序启动 - 时间: 2025-05-25 17:28:30
2025-05-25 17:29:31 - INFO - 调用开始: __main__.extract | 参数: () | 关键字参数: {}
2025-05-25 17:29:32 - INFO - 调用成功: __main__.extract | 返回: True
2025-05-25 17:29:38 - INFO - 调用开始: __main__.extract | 参数: () | 关键字参数: {}
2025-05-25 17:29:39 - INFO - 调用成功: __main__.extract | 返回: True
2025-05-25 17:29:45 - INFO - 调用开始: __main__.extract | 参数: () | 关键字参数: {}
2025-05-25 17:29:45 - INFO - 调用成功: __main__.extract | 返回: True
2025-05-25 17:29:53 - INFO - 调用开始: __main__.search | 参数: () | 关键字参数: {}
2025-05-25 17:29:54 - INFO - 调用成功: __main__.search | 返回: False
2025-05-25 17:29:55 - INFO - 调用开始: __main__.search | 参数: () | 关键字参数: {}
2025-05-25 17:30:19 - INFO - 调用成功: __main__.search | 返回: True
2025-05-25 17:30:20 - INFO - 调用开始: __main__.insert | 参数: () | 关键字参数: {}
2025-05-25 17:30:25 - INFO - 调用成功: __main__.insert | 返回: None
2025-05-25 17:31:18 - INFO - 应用程序关闭 - 时间: 2025-05-25 17:31:18
2025-05-25 17:31:18 - INFO - ============================================================
2025-06-15 15:28:39 - INFO - ============================================================
2025-06-15 15:28:39 - INFO - 应用程序启动 - 时间: 2025-06-15 15:28:39
2025-06-15 15:28:42 - INFO - 应用程序关闭 - 时间: 2025-06-15 15:28:42
2025-06-15 15:28:42 - INFO - ============================================================
2025-07-21 17:06:51 - INFO - ============================================================
2025-07-21 17:06:51 - INFO - 应用程序启动 - 时间: 2025-07-21 17:06:51
2025-07-21 17:07:01 - INFO - 调用开始: __main__.extract | 参数: () | 关键字参数: {}
2025-07-21 17:07:02 - INFO - 调用成功: __main__.extract | 返回: False
2025-07-21 17:08:04 - INFO - 应用程序关闭 - 时间: 2025-07-21 17:08:04
2025-07-21 17:08:04 - INFO - ============================================================
2025-07-23 15:48:25 - INFO - ============================================================
2025-07-23 15:48:25 - INFO - 应用程序启动 - 时间: 2025-07-23 15:48:25
2025-07-23 15:49:07 - INFO - 调用开始: __main__.extract | 参数: () | 关键字参数: {}
2025-07-23 15:49:07 - INFO - 调用成功: __main__.extract | 返回: True
2025-07-23 15:49:08 - INFO - 调用开始: __main__.search | 参数: () | 关键字参数: {}
2025-07-23 15:49:19 - INFO - 调用成功: __main__.search | 返回: False
2025-07-23 15:49:58 - INFO - 调用开始: __main__.insert | 参数: () | 关键字参数: {}
2025-07-23 15:50:02 - INFO - 调用成功: __main__.insert | 返回: False
2025-07-23 15:52:47 - INFO - 调用开始: __main__.extract | 参数: () | 关键字参数: {}
2025-07-23 15:52:47 - INFO - 调用成功: __main__.extract | 返回: True
2025-07-23 15:52:49 - INFO - 调用开始: __main__.search | 参数: () | 关键字参数: {}
2025-07-23 15:52:57 - INFO - 调用成功: __main__.search | 返回: False
2025-07-23 15:52:58 - INFO - 调用开始: __main__.insert | 参数: () | 关键字参数: {}
2025-07-23 15:52:59 - INFO - 调用成功: __main__.insert | 返回: False
2025-07-23 15:54:45 - INFO - 调用开始: __main__.search | 参数: () | 关键字参数: {}
2025-07-23 15:54:58 - INFO - 调用成功: __main__.search | 返回: False
2025-07-23 15:55:03 - INFO - 调用开始: __main__.search | 参数: () | 关键字参数: {}
2025-07-23 15:55:10 - INFO - 调用成功: __main__.search | 返回: False
2025-07-23 15:55:14 - INFO - 应用程序关闭 - 时间: 2025-07-23 15:55:14
2025-07-23 15:55:14 - INFO - ============================================================
2025-07-23 15:55:33 - INFO - ============================================================
2025-07-23 15:55:33 - INFO - 应用程序启动 - 时间: 2025-07-23 15:55:33
2025-07-23 15:55:54 - INFO - 调用开始: __main__.extract | 参数: () | 关键字参数: {}
2025-07-23 15:55:54 - INFO - 调用成功: __main__.extract | 返回: True
2025-07-23 15:55:55 - INFO - 调用开始: __main__.search | 参数: () | 关键字参数: {}
2025-07-23 15:56:02 - INFO - 调用成功: __main__.search | 返回: False
2025-07-23 15:56:03 - INFO - 调用开始: __main__.search | 参数: () | 关键字参数: {}
2025-07-23 15:56:09 - INFO - 调用成功: __main__.search | 返回: False
2025-07-23 15:56:11 - INFO - 调用开始: __main__.insert | 参数: () | 关键字参数: {}
2025-07-23 15:56:12 - INFO - 调用成功: __main__.insert | 返回: False
2025-07-23 16:03:01 - INFO - 应用程序关闭 - 时间: 2025-07-23 16:03:01
2025-07-23 16:03:01 - INFO - ============================================================
2025-07-23 16:03:09 - INFO - ============================================================
2025-07-23 16:03:09 - INFO - 应用程序启动 - 时间: 2025-07-23 16:03:09
2025-07-23 16:03:11 - INFO - 调用开始: __main__.extract | 参数: () | 关键字参数: {}
2025-07-23 16:03:13 - INFO - 调用成功: __main__.extract | 返回: False
2025-07-23 16:03:13 - INFO - 调用开始: __main__.search | 参数: () | 关键字参数: {}
2025-07-23 16:03:42 - INFO - ============================================================
2025-07-23 16:03:42 - INFO - 应用程序启动 - 时间: 2025-07-23 16:03:42
2025-07-23 16:03:44 - INFO - 调用开始: __main__.search | 参数: () | 关键字参数: {}
2025-07-23 16:04:11 - INFO - 调用成功: __main__.search | 返回: False
2025-07-23 16:05:29 - INFO - 应用程序关闭 - 时间: 2025-07-23 16:05:29
2025-07-23 16:05:29 - INFO - ============================================================
2025-07-23 16:12:28 - INFO - ============================================================
2025-07-23 16:12:28 - INFO - 应用程序启动 - 时间: 2025-07-23 16:12:28
2025-07-23 16:12:30 - INFO - 调用开始: __main__.search | 参数: () | 关键字参数: {}
2025-07-23 16:13:21 - INFO - 调用成功: __main__.search | 返回: False
2025-07-23 16:13:25 - INFO - 应用程序关闭 - 时间: 2025-07-23 16:13:25
2025-07-23 16:13:25 - INFO - ============================================================
2025-07-23 16:13:36 - INFO - ============================================================
2025-07-23 16:13:36 - INFO - 应用程序启动 - 时间: 2025-07-23 16:13:36
2025-07-23 16:13:39 - INFO - 调用开始: __main__.search | 参数: () | 关键字参数: {}
2025-07-23 16:14:18 - INFO - 调用成功: __main__.search | 返回: False
2025-07-23 16:14:21 - INFO - 调用开始: __main__.search | 参数: () | 关键字参数: {}
2025-07-23 16:15:06 - INFO - 调用成功: __main__.search | 返回: False
2025-07-23 16:15:08 - INFO - 应用程序关闭 - 时间: 2025-07-23 16:15:08
2025-07-23 16:15:08 - INFO - ============================================================
2025-07-23 16:15:24 - INFO - ============================================================
2025-07-23 16:15:24 - INFO - 应用程序启动 - 时间: 2025-07-23 16:15:24
2025-07-23 16:15:26 - INFO - 调用开始: __main__.search | 参数: () | 关键字参数: {}
2025-07-23 16:15:32 - INFO - 调用成功: __main__.search | 返回: True
2025-07-23 16:15:35 - INFO - 调用开始: __main__.search | 参数: () | 关键字参数: {}
2025-07-23 16:15:58 - INFO - 调用成功: __main__.search | 返回: False
2025-07-23 16:16:00 - INFO - 调用开始: __main__.extract | 参数: () | 关键字参数: {}
2025-07-23 16:16:01 - INFO - 调用成功: __main__.extract | 返回: False
2025-07-23 16:16:03 - INFO - 应用程序关闭 - 时间: 2025-07-23 16:16:03
2025-07-23 16:16:03 - INFO - ============================================================
